Component: ARM Compiler 5.06 update 7 (build 960) Tool: armlink [4d3601]

==============================================================================

Section Cross References

    stm32f10x_adc.o(i.ADC_DeInit) refers to stm32f10x_rcc.o(i.RCC_APB2PeriphResetCmd) for RCC_APB2PeriphResetCmd
    stm32f10x_bkp.o(i.BKP_DeInit) refers to stm32f10x_rcc.o(i.RCC_BackupResetCmd) for RCC_BackupResetCmd
    stm32f10x_can.o(i.CAN_DeInit) refers to stm32f10x_rcc.o(i.RCC_APB1PeriphResetCmd) for RCC_APB1PeriphResetCmd
    stm32f10x_can.o(i.CAN_GetITStatus) refers to stm32f10x_can.o(i.CheckITStatus) for CheckITStatus
    stm32f10x_cec.o(i.CEC_DeInit) refers to stm32f10x_rcc.o(i.RCC_APB1PeriphResetCmd) for RCC_APB1PeriphResetCmd
    stm32f10x_dac.o(i.DAC_DeInit) refers to stm32f10x_rcc.o(i.RCC_APB1PeriphResetCmd) for RCC_APB1PeriphResetCmd
    stm32f10x_flash.o(i.FLASH_EnableWriteProtection) refers to stm32f10x_flash.o(i.FLASH_WaitForLastOperation) for FLASH_WaitForLastOperation
    stm32f10x_flash.o(i.FLASH_EraseAllBank1Pages) refers to stm32f10x_flash.o(i.FLASH_WaitForLastBank1Operation) for FLASH_WaitForLastBank1Operation
    stm32f10x_flash.o(i.FLASH_EraseAllPages) refers to stm32f10x_flash.o(i.FLASH_WaitForLastOperation) for FLASH_WaitForLastOperation
    stm32f10x_flash.o(i.FLASH_EraseOptionBytes) refers to stm32f10x_flash.o(i.FLASH_GetReadOutProtectionStatus) for FLASH_GetReadOutProtectionStatus
    stm32f10x_flash.o(i.FLASH_EraseOptionBytes) refers to stm32f10x_flash.o(i.FLASH_WaitForLastOperation) for FLASH_WaitForLastOperation
    stm32f10x_flash.o(i.FLASH_ErasePage) refers to stm32f10x_flash.o(i.FLASH_WaitForLastOperation) for FLASH_WaitForLastOperation
    stm32f10x_flash.o(i.FLASH_ProgramHalfWord) refers to stm32f10x_flash.o(i.FLASH_WaitForLastOperation) for FLASH_WaitForLastOperation
    stm32f10x_flash.o(i.FLASH_ProgramOptionByteData) refers to stm32f10x_flash.o(i.FLASH_WaitForLastOperation) for FLASH_WaitForLastOperation
    stm32f10x_flash.o(i.FLASH_ProgramWord) refers to stm32f10x_flash.o(i.FLASH_WaitForLastOperation) for FLASH_WaitForLastOperation
    stm32f10x_flash.o(i.FLASH_ReadOutProtection) refers to stm32f10x_flash.o(i.FLASH_WaitForLastOperation) for FLASH_WaitForLastOperation
    stm32f10x_flash.o(i.FLASH_UserOptionByteConfig) refers to stm32f10x_flash.o(i.FLASH_WaitForLastOperation) for FLASH_WaitForLastOperation
    stm32f10x_flash.o(i.FLASH_WaitForLastBank1Operation) refers to stm32f10x_flash.o(i.FLASH_GetBank1Status) for FLASH_GetBank1Status
    stm32f10x_flash.o(i.FLASH_WaitForLastOperation) refers to stm32f10x_flash.o(i.FLASH_GetBank1Status) for FLASH_GetBank1Status
    stm32f10x_gpio.o(i.GPIO_AFIODeInit) refers to stm32f10x_rcc.o(i.RCC_APB2PeriphResetCmd) for RCC_APB2PeriphResetCmd
    stm32f10x_gpio.o(i.GPIO_DeInit) refers to stm32f10x_rcc.o(i.RCC_APB2PeriphResetCmd) for RCC_APB2PeriphResetCmd
    stm32f10x_i2c.o(i.I2C_DeInit) refers to stm32f10x_rcc.o(i.RCC_APB1PeriphResetCmd) for RCC_APB1PeriphResetCmd
    stm32f10x_i2c.o(i.I2C_Init) refers to stm32f10x_rcc.o(i.RCC_GetClocksFreq) for RCC_GetClocksFreq
    stm32f10x_pwr.o(i.PWR_DeInit) refers to stm32f10x_rcc.o(i.RCC_APB1PeriphResetCmd) for RCC_APB1PeriphResetCmd
    stm32f10x_rcc.o(i.RCC_GetClocksFreq) refers to stm32f10x_rcc.o(.data) for .data
    stm32f10x_rcc.o(i.RCC_WaitForHSEStartUp) refers to stm32f10x_rcc.o(i.RCC_GetFlagStatus) for RCC_GetFlagStatus
    stm32f10x_rtc.o(i.RTC_SetAlarm) refers to stm32f10x_rtc.o(i.RTC_EnterConfigMode) for RTC_EnterConfigMode
    stm32f10x_rtc.o(i.RTC_SetAlarm) refers to stm32f10x_rtc.o(i.RTC_ExitConfigMode) for RTC_ExitConfigMode
    stm32f10x_rtc.o(i.RTC_SetCounter) refers to stm32f10x_rtc.o(i.RTC_EnterConfigMode) for RTC_EnterConfigMode
    stm32f10x_rtc.o(i.RTC_SetCounter) refers to stm32f10x_rtc.o(i.RTC_ExitConfigMode) for RTC_ExitConfigMode
    stm32f10x_rtc.o(i.RTC_SetPrescaler) refers to stm32f10x_rtc.o(i.RTC_EnterConfigMode) for RTC_EnterConfigMode
    stm32f10x_rtc.o(i.RTC_SetPrescaler) refers to stm32f10x_rtc.o(i.RTC_ExitConfigMode) for RTC_ExitConfigMode
    stm32f10x_spi.o(i.I2S_Init) refers to stm32f10x_rcc.o(i.RCC_GetClocksFreq) for RCC_GetClocksFreq
    stm32f10x_spi.o(i.SPI_I2S_DeInit) refers to stm32f10x_rcc.o(i.RCC_APB2PeriphResetCmd) for RCC_APB2PeriphResetCmd
    stm32f10x_spi.o(i.SPI_I2S_DeInit) refers to stm32f10x_rcc.o(i.RCC_APB1PeriphResetCmd) for RCC_APB1PeriphResetCmd
    stm32f10x_tim.o(i.TIM_DeInit) refers to stm32f10x_rcc.o(i.RCC_APB1PeriphResetCmd) for RCC_APB1PeriphResetCmd
    stm32f10x_tim.o(i.TIM_DeInit) refers to stm32f10x_rcc.o(i.RCC_APB2PeriphResetCmd) for RCC_APB2PeriphResetCmd
    stm32f10x_tim.o(i.TIM_ETRClockMode1Config) refers to stm32f10x_tim.o(i.TIM_ETRConfig) for TIM_ETRConfig
    stm32f10x_tim.o(i.TIM_ETRClockMode2Config) refers to stm32f10x_tim.o(i.TIM_ETRConfig) for TIM_ETRConfig
    stm32f10x_tim.o(i.TIM_ICInit) refers to stm32f10x_tim.o(i.TI1_Config) for TI1_Config
[...]
    Removing stm32f10x_tim.o(i.TIM_ETRClockMode1Config), (18 bytes).
    Removing stm32f10x_tim.o(i.TIM_ETRClockMode2Config), (18 bytes).
    Removing stm32f10x_tim.o(i.TIM_ETRConfig), (24 bytes).
    Removing stm32f10x_tim.o(i.TIM_EncoderInterfaceConfig), (50 bytes).
    Removing stm32f10x_tim.o(i.TIM_ForcedOC1Config), (12 bytes).
    Removing stm32f10x_tim.o(i.TIM_ForcedOC2Config), (20 bytes).
    Removing stm32f10x_tim.o(i.TIM_ForcedOC3Config), (12 bytes).
    Removing stm32f10x_tim.o(i.TIM_ForcedOC4Config), (20 bytes).
    Removing stm32f10x_tim.o(i.TIM_GenerateEvent), (4 bytes).
    Removing stm32f10x_tim.o(i.TIM_GetCapture1), (4 bytes).
    Removing stm32f10x_tim.o(i.TIM_GetCapture2), (4 bytes).
    Removing stm32f10x_tim.o(i.TIM_GetCapture3), (4 bytes).
    Removing stm32f10x_tim.o(i.TIM_GetCapture4), (6 bytes).
    Removing stm32f10x_tim.o(i.TIM_GetCounter), (4 bytes).
    Removing stm32f10x_tim.o(i.TIM_GetFlagStatus), (14 bytes).
    Removing stm32f10x_tim.o(i.TIM_GetITStatus), (24 bytes).
    Removing stm32f10x_tim.o(i.TIM_GetPrescaler), (4 bytes).
    Removing stm32f10x_tim.o(i.TIM_ICInit), (300 bytes).
    Removing stm32f10x_tim.o(i.TIM_ICStructInit), (16 bytes).
    Removing stm32f10x_tim.o(i.TIM_ITConfig), (16 bytes).
    Removing stm32f10x_tim.o(i.TIM_ITRxExternalClockConfig), (18 bytes).
    Removing stm32f10x_tim.o(i.TIM_InternalClockConfig), (10 bytes).
    Removing stm32f10x_tim.o(i.TIM_OC1FastConfig), (12 bytes).
    Removing stm32f10x_tim.o(i.TIM_OC1Init), (128 bytes).
    Removing stm32f10x_tim.o(i.TIM_OC1NPolarityConfig), (12 bytes).
    Removing stm32f10x_tim.o(i.TIM_OC1PolarityConfig), (12 bytes).
    Removing stm32f10x_tim.o(i.TIM_OC1PreloadConfig), (12 bytes).
    Removing stm32f10x_tim.o(i.TIM_OC2FastConfig), (20 bytes).
    Removing stm32f10x_tim.o(i.TIM_OC2Init), (128 bytes).
    Removing stm32f10x_tim.o(i.TIM_OC2NPolarityConfig), (20 bytes).
    Removing stm32f10x_tim.o(i.TIM_OC2PolarityConfig), (20 bytes).
    Removing stm32f10x_tim.o(i.TIM_OC2PreloadConfig), (20 bytes).
    Removing stm32f10x_tim.o(i.TIM_OC3FastConfig), (12 bytes).
    Removing stm32f10x_tim.o(i.TIM_OC3Init), (124 bytes).
    Removing stm32f10x_tim.o(i.TIM_OC3NPolarityConfig), (20 bytes).
    Removing stm32f10x_tim.o(i.TIM_OC3PolarityConfig), (20 bytes).
    Removing stm32f10x_tim.o(i.TIM_OC3PreloadConfig), (12 bytes).
    Removing stm32f10x_tim.o(i.TIM_OC4FastConfig), (20 bytes).
    Removing stm32f10x_tim.o(i.TIM_OC4Init), (100 bytes).
    Removing stm32f10x_tim.o(i.TIM_OC4PolarityConfig), (20 bytes).
    Removing stm32f10x_tim.o(i.TIM_OC4PreloadConfig), (20 bytes).
    Removing stm32f10x_tim.o(i.TIM_OCStructInit), (20 bytes).
    Removing stm32f10x_tim.o(i.TIM_PWMIConfig), (108 bytes).
    Removing stm32f10x_tim.o(i.TIM_PrescalerConfig), (6 bytes).
    Removing stm32f10x_tim.o(i.TIM_SelectCCDMA), (20 bytes).
    Removing stm32f10x_tim.o(i.TIM_SelectCOM), (20 bytes).
    Removing stm32f10x_tim.o(i.TIM_SelectHallSensor), (20 bytes).
    Removing stm32f10x_tim.o(i.TIM_SelectInputTrigger), (12 bytes).
    Removing stm32f10x_tim.o(i.TIM_SelectMasterSlaveMode), (16 bytes).
    Removing stm32f10x_tim.o(i.TIM_SelectOCxM), (70 bytes).
    Removing stm32f10x_tim.o(i.TIM_SelectOnePulseMode), (16 bytes).
    Removing stm32f10x_tim.o(i.TIM_SelectOutputTrigger), (16 bytes).
    Removing stm32f10x_tim.o(i.TIM_SelectSlaveMode), (16 bytes).
    Removing stm32f10x_tim.o(i.TIM_SetAutoreload), (4 bytes).
    Removing stm32f10x_tim.o(i.TIM_SetClockDivision), (16 bytes).
    Removing stm32f10x_tim.o(i.TIM_SetCompare1), (4 bytes).
    Removing stm32f10x_tim.o(i.TIM_SetCompare2), (4 bytes).
    Removing stm32f10x_tim.o(i.TIM_SetCompare3), (4 bytes).
    Removing stm32f10x_tim.o(i.TIM_SetCompare4), (6 bytes).
    Removing stm32f10x_tim.o(i.TIM_SetCounter), (4 bytes).
    Removing stm32f10x_tim.o(i.TIM_SetIC1Prescaler), (16 bytes).
    Removing stm32f10x_tim.o(i.TIM_SetIC2Prescaler), (24 bytes).
    Removing stm32f10x_tim.o(i.TIM_SetIC3Prescaler), (16 bytes).
    Removing stm32f10x_tim.o(i.TIM_SetIC4Prescaler), (24 bytes).
    Removing stm32f10x_tim.o(i.TIM_TIxExternalClockConfig), (46 bytes).
    Removing stm32f10x_tim.o(i.TIM_TimeBaseInit), (156 bytes).
    Removing stm32f10x_tim.o(i.TIM_TimeBaseStructInit), (18 bytes).
    Removing stm32f10x_tim.o(i.TIM_UpdateDisableConfig), (20 bytes).
    Removing stm32f10x_tim.o(i.TIM_UpdateRequestConfig), (20 bytes).
    Removing stm32f10x_usart.o(i.USART_ClearFlag), (6 bytes).
    Removing stm32f10x_usart.o(i.USART_ClockInit), (30 bytes).
    Removing stm32f10x_usart.o(i.USART_ClockStructInit), (12 bytes).
    Removing stm32f10x_usart.o(i.USART_DMACmd), (16 bytes).
    Removing stm32f10x_usart.o(i.USART_DeInit), (116 bytes).
    Removing stm32f10x_usart.o(i.USART_HalfDuplexCmd), (20 bytes).
    Removing stm32f10x_usart.o(i.USART_IrDACmd), (20 bytes).
    Removing stm32f10x_usart.o(i.USART_IrDAConfig), (16 bytes).
    Removing stm32f10x_usart.o(i.USART_LINBreakDetectLengthConfig), (16 bytes).
    Removing stm32f10x_usart.o(i.USART_LINCmd), (20 bytes).
    Removing stm32f10x_usart.o(i.USART_OneBitMethodCmd), (20 bytes).
    Removing stm32f10x_usart.o(i.USART_OverSampling8Cmd), (20 bytes).
    Removing stm32f10x_usart.o(i.USART_ReceiverWakeUpCmd), (20 bytes).
    Removing stm32f10x_usart.o(i.USART_SendBreak), (10 bytes).
    Removing stm32f10x_usart.o(i.USART_SetAddress), (16 bytes).
    Removing stm32f10x_usart.o(i.USART_SetGuardTime), (16 bytes).
    Removing stm32f10x_usart.o(i.USART_SetPrescaler), (16 bytes).
    Removing stm32f10x_usart.o(i.USART_SmartCardCmd), (20 bytes).
    Removing stm32f10x_usart.o(i.USART_SmartCardNACKCmd), (20 bytes).
    Removing stm32f10x_usart.o(i.USART_StructInit), (22 bytes).
    Removing stm32f10x_usart.o(i.USART_WakeUpConfig), (16 bytes).
    Removing stm32f10x_wwdg.o(i.WWDG_ClearFlag), (12 bytes).
    Removing stm32f10x_wwdg.o(i.WWDG_DeInit), (24 bytes).
    Removing stm32f10x_wwdg.o(i.WWDG_Enable), (16 bytes).
    Removing stm32f10x_wwdg.o(i.WWDG_EnableIT), (16 bytes).
    Removing stm32f10x_wwdg.o(i.WWDG_GetFlagStatus), (12 bytes).
    Removing stm32f10x_wwdg.o(i.WWDG_SetCounter), (16 bytes).
    Removing stm32f10x_wwdg.o(i.WWDG_SetPrescaler), (20 bytes).
    Removing stm32f10x_wwdg.o(i.WWDG_SetWindowValue), (28 bytes).
    Removing core_cm3.o(.emb_text), (32 bytes).
    Removing system_stm32f10x.o(i.SystemCoreClockUpdate), (116 bytes).
    Removing sys.o(.emb_text), (6 bytes).
    Removing sys.o(i.INTX_DISABLE), (4 bytes).
    Removing sys.o(i.INTX_ENABLE), (4 bytes).
    Removing sys.o(i.WFI_SET), (4 bytes).
    Removing deca_device.o(i._dwt_aonconfigupload), (26 bytes).
    Removing deca_device.o(i._dwt_computetxpowersetting), (112 bytes).
    Removing deca_device.o(i._dwt_otpprogword32), (128 bytes).
    Removing deca_device.o(i._dwt_otpsetmrregs), (430 bytes).
    Removing deca_device.o(i.dwt_apiversion), (8 bytes).
    Removing deca_device.o(i.dwt_calcbandwidthtempadj), (216 bytes).
    Removing deca_device.o(i.dwt_calcpgcount), (184 bytes).
    Removing deca_device.o(i.dwt_calcpowertempadj), (68 bytes).
    Removing deca_device.o(i.dwt_calibratesleepcnt), (148 bytes).
    Removing deca_device.o(i.dwt_checkirq), (16 bytes).
    Removing deca_device.o(i.dwt_configcontinuousframemode), (76 bytes).
    Removing deca_device.o(i.dwt_configcwmode), (140 bytes).
    Removing deca_device.o(i.dwt_configeventcounters), (34 bytes).
    Removing deca_device.o(i.dwt_configurefor64plen), (36 bytes).
    Removing deca_device.o(i.dwt_configuresleep), (40 bytes).
    Removing deca_device.o(i.dwt_configuresleepcnt), (72 bytes).
    Removing deca_device.o(i.dwt_configuretxrf), (28 bytes).
    Removing deca_device.o(i.dwt_convertdegtemptoraw), (36 bytes).
    Removing deca_device.o(i.dwt_convertrawtemperature), (56 bytes).
    Removing deca_device.o(i.dwt_convertrawvoltage), (56 bytes).
    Removing deca_device.o(i.dwt_convertvoltstoraw), (64 bytes).
    Removing deca_device.o(i.dwt_enableautoack), (40 bytes).
    Removing deca_device.o(i.dwt_enableframefilter), (64 bytes).
    Removing deca_device.o(i.dwt_enablegpioclocks), (26 bytes).
    Removing deca_device.o(i.dwt_entersleep), (4 bytes).
    Removing deca_device.o(i.dwt_entersleepaftertx), (36 bytes).
    Removing deca_device.o(i.dwt_forcetrxoff), (88 bytes).
    Removing deca_device.o(i.dwt_geteui), (12 bytes).
    Removing deca_device.o(i.dwt_getgpiovalue), (20 bytes).
    Removing deca_device.o(i.dwt_geticreftemp), (12 bytes).
    Removing deca_device.o(i.dwt_geticrefvolt), (12 bytes).
    Removing deca_device.o(i.dwt_getlotid), (12 bytes).
    Removing deca_device.o(i.dwt_getpartid), (12 bytes).
    Removing deca_device.o(i.dwt_getxtaltrim), (16 bytes).
    Removing deca_device.o(i.dwt_isr), (296 bytes).
    Removing deca_device.o(i.dwt_loadopsettabfromotp), (36 bytes).
    Removing deca_device.o(i.dwt_lowpowerlistenisr), (156 bytes).
    Removing deca_device.o(i.dwt_otpread), (48 bytes).
    Removing deca_device.o(i.dwt_otprevision), (12 bytes).
    Removing deca_device.o(i.dwt_otpwriteandverify), (80 bytes).
    Removing deca_device.o(i.dwt_readaccdata), (36 bytes).
    Removing deca_device.o(i.dwt_readcarrierintegrator), (52 bytes).
    Removing deca_device.o(i.dwt_readdiagnostics), (60 bytes).
    Removing deca_device.o(i.dwt_readeventcounters), (126 bytes).
    Removing deca_device.o(i.dwt_readrxtimestamphi32), (8 bytes).
    Removing deca_device.o(i.dwt_readrxtimestamplo32), (8 bytes).
    Removing deca_device.o(i.dwt_readsystime), (12 bytes).
    Removing deca_device.o(i.dwt_readsystimestamphi32), (8 bytes).
    Removing deca_device.o(i.dwt_readtempvbat), (206 bytes).
    Removing deca_device.o(i.dwt_readtxtimestamphi32), (8 bytes).
    Removing deca_device.o(i.dwt_readtxtimestamplo32), (8 bytes).
    Removing deca_device.o(i.dwt_readwakeuptemp), (8 bytes).
    Removing deca_device.o(i.dwt_readwakeupvbat), (8 bytes).
    Removing deca_device.o(i.dwt_rxenable), (78 bytes).
    Removing deca_device.o(i.dwt_setaddress16), (10 bytes).
    Removing deca_device.o(i.dwt_setcallbacks), (20 bytes).
    Removing deca_device.o(i.dwt_setdblrxbuffmode), (44 bytes).
    Removing deca_device.o(i.dwt_seteui), (12 bytes).
    Removing deca_device.o(i.dwt_setfinegraintxseq), (18 bytes).
    Removing deca_device.o(i.dwt_setgpiodirection), (34 bytes).
    Removing deca_device.o(i.dwt_setgpiovalue), (34 bytes).
    Removing deca_device.o(i.dwt_setinterrupt), (58 bytes).
    Removing deca_device.o(i.dwt_setlnapamode), (44 bytes).
    Removing deca_device.o(i.dwt_setlocaldataptr), (28 bytes).
    Removing deca_device.o(i.dwt_setlowpowerlistening), (36 bytes).
    Removing deca_device.o(i.dwt_setpanid), (10 bytes).
    Removing deca_device.o(i.dwt_setsmarttxpower), (52 bytes).
    Removing deca_device.o(i.dwt_setsniffmode), (68 bytes).
    Removing deca_device.o(i.dwt_setsnoozetime), (10 bytes).
    Removing deca_device.o(i.dwt_spicswakeup), (56 bytes).
    Removing deca_device.o(i.dwt_syncrxbufptrs), (40 bytes).
    Removing deca_range_tables.o(i.dwt_getrangebias), (216 bytes).
    Removing deca_range_tables.o(.constdata), (522 bytes).
    Removing deca_spi.o(i.closespi), (32 bytes).
    Removing deca_spi.o(i.openspi), (4 bytes).
    Removing port.o(i.port_wakeup_dw1000), (44 bytes).
    Removing port.o(i.spi_peripheral_init), (4 bytes).
    Removing port.o(i.usleep), (10 bytes).

531 unused section(s) (total 19070 bytes) removed from the image.

==============================================================================

Image Symbol Table

    Local Symbols

    Symbol Name                              Value     Ov Type        Size  Object(Section)

    ../clib/angel/boardlib.s                 0x00000000   Number         0  boardinit2.o ABSOLUTE
    ../clib/angel/boardlib.s                 0x00000000   Number         0  boardinit3.o ABSOLUTE
    ../clib/angel/boardlib.s                 0x00000000   Number         0  boardshut.o ABSOLUTE
    ../clib/angel/boardlib.s                 0x00000000   Number         0  boardinit1.o ABSOLUTE
    ../clib/angel/handlers.s                 0x00000000   Number         0  __scatter_zi.o ABSOLUTE
    ../clib/angel/handlers.s                 0x00000000   Number         0  __scatter_copy.o ABSOLUTE
    ../clib/angel/kernel.s                   0x00000000   Number         0  rtexit.o ABSOLUTE
    ../clib/angel/kernel.s                   0x00000000   Number         0  __rtentry4.o ABSOLUTE
    ../clib/angel/kernel.s                   0x00000000   Number         0  rtexit2.o ABSOLUTE
    ../clib/angel/kernel.s                   0x00000000   Number         0  __rtentry.o ABSOLUTE
    ../clib/angel/kernel.s                   0x00000000   Number         0  __rtentry2.o ABSOLUTE
    ../clib/angel/rt.s                       0x00000000   Number         0  rt_raise.o ABSOLUTE
    ../clib/angel/scatter.s                  0x00000000   Number         0  __scatter.o ABSOLUTE
    ../clib/angel/startup.s                  0x00000000   Number         0  __main.o ABSOLUTE
    ../clib/angel/sys.s                      0x00000000   Number         0  libspace.o ABSOLUTE
    ../clib/angel/sys.s                      0x00000000   Number         0  use_no_semi.o ABSOLUTE
    ../clib/angel/sys.s                      0x00000000   Number         0  sys_stackheap_outer.o ABSOLUTE
    ../clib/angel/sys.s                      0x00000000   Number         0  indicate_semi.o ABSOLUTE
    ../clib/angel/sysapp.c                   0x00000000   Number         0  sys_wrch.o ABSOLUTE
    ../clib/angel/sysapp.c                   0x00000000   Number         0  sys_exit.o ABSOLUTE
    ../clib/angel/sysapp.c                   0x00000000   Number         0  sys_command.o ABSOLUTE
    ../clib/armsys.c                         0x00000000   Number         0  _get_argv_nomalloc.o ABSOLUTE
    ../clib/armsys.c                         0x00000000   Number         0  no_argv.o ABSOLUTE
    ../clib/armsys.c                         0x00000000   Number         0  argv_veneer.o ABSOLUTE
    ../clib/armsys.c                         0x00000000   Number         0  argv_veneer.o ABSOLUTE
    ../clib/heapalloc.c                      0x00000000   Number         0  hrguard.o ABSOLUTE
    ../clib/heapaux.c                        0x00000000   Number         0  heapauxi.o ABSOLUTE
    ../clib/libinit.s                        0x00000000   Number         0  libshutdown2.o ABSOLUTE
    ../clib/libinit.s                        0x00000000   Number         0  libinit.o ABSOLUTE
    ../clib/libinit.s                        0x00000000   Number         0  libinit2.o ABSOLUTE
    ../clib/libinit.s                        0x00000000   Number         0  libshutdown.o ABSOLUTE
    ../clib/signal.c                         0x00000000   Number         0  defsig_rtmem_formal.o ABSOLUTE
    ../clib/signal.c                         0x00000000   Number         0  defsig_rtmem_outer.o ABSOLUTE
    ../clib/signal.c                         0x00000000   Number         0  defsig_segv_inner.o ABSOLUTE
    ../clib/signal.c                         0x00000000   Number         0  defsig_cppl_inner.o ABSOLUTE
    ../clib/signal.c                         0x00000000   Number         0  defsig_pvfn_inner.o ABSOLUTE
    ../clib/signal.c                         0x00000000   Number         0  defsig_stak_inner.o ABSOLUTE
    ../clib/signal.c                         0x00000000   Number         0  defsig_fpe_inner.o ABSOLUTE
    ../clib/signal.c                         0x00000000   Number         0  defsig_abrt_inner.o ABSOLUTE
    ../clib/signal.c                         0x00000000   Number         0  defsig_rtmem_inner.o ABSOLUTE
    ../clib/signal.c                         0x00000000   Number         0  defsig_exit.o ABSOLUTE
    ../clib/signal.c                         0x00000000   Number         0  defsig_rtred_inner.o ABSOLUTE
    ../clib/signal.c                         0x00000000   Number         0  defsig_other.o ABSOLUTE
    ../clib/signal.c                         0x00000000   Number         0  __raise.o ABSOLUTE
    ../clib/signal.c                         0x00000000   Number         0  defsig_general.o ABSOLUTE
    ../clib/signal.s                         0x00000000   Number         0  defsig.o ABSOLUTE
    ../clib/stdlib.c                         0x00000000   Number         0  exit.o ABSOLUTE
    ../clib/string.c                         0x00000000   Number         0  memcmp.o ABSOLUTE
    ../fplib/d2f.s                           0x00000000   Number         0  d2f.o ABSOLUTE
    ../fplib/daddsub.s                       0x00000000   Number         0  daddsub_clz.o ABSOLUTE
    ../fplib/dcheck1.s                       0x00000000   Number         0  dcheck1.o ABSOLUTE
    ../fplib/dfix.s                          0x00000000   Number         0  dfix.o ABSOLUTE
    ../fplib/dfixu.s                         0x00000000   Number         0  dfixu.o ABSOLUTE
    ../fplib/dflt.s                          0x00000000   Number         0  dflt_clz.o ABSOLUTE
    ../fplib/dmul.s                          0x00000000   Number         0  dmul.o ABSOLUTE
    ../fplib/dnaninf.s                       0x00000000   Number         0  dnaninf.o ABSOLUTE
    ../fplib/dretinf.s                       0x00000000   Number         0  dretinf.o ABSOLUTE
    ../fplib/f2d.s                           0x00000000   Number         0  f2d.o ABSOLUTE
    ../fplib/fflt.s                          0x00000000   Number         0  fflt_clz.o ABSOLUTE
    ../fplib/fnaninf.s                       0x00000000   Number         0  fnaninf.o ABSOLUTE
    ../fplib/fpinit.s                        0x00000000   Number         0  fpinit.o ABSOLUTE
    ../fplib/fretinf.s                       0x00000000   Number         0  fretinf.o ABSOLUTE
    ../fplib/retnan.s                        0x00000000   Number         0  retnan.o ABSOLUTE
    ../fplib/scalbn.s                        0x00000000   Number         0  scalbn.o ABSOLUTE
    ../fplib/trapv.s                         0x00000000   Number         0  trapv.o ABSOLUTE
    ../fplib/usenofp.s                       0x00000000   Number         0  usenofp.o ABSOLUTE
    ..\Library\misc.c                        0x00000000   Number         0  misc.o ABSOLUTE
    ..\Library\stm32f10x_adc.c               0x00000000   Number         0  stm32f10x_adc.o ABSOLUTE
    ..\Library\stm32f10x_bkp.c               0x00000000   Number         0  stm32f10x_bkp.o ABSOLUTE
    ..\Library\stm32f10x_can.c               0x00000000   Number         0  stm32f10x_can.o ABSOLUTE
    ..\Library\stm32f10x_cec.c               0x00000000   Number         0  stm32f10x_cec.o ABSOLUTE
    ..\Library\stm32f10x_crc.c               0x00000000   Number         0  stm32f10x_crc.o ABSOLUTE
    ..\Library\stm32f10x_dac.c               0x00000000   Number         0  stm32f10x_dac.o ABSOLUTE
    ..\Library\stm32f10x_dbgmcu.c            0x00000000   Number         0  stm32f10x_dbgmcu.o ABSOLUTE
    ..\Library\stm32f10x_dma.c               0x00000000   Number         0  stm32f10x_dma.o ABSOLUTE
    ..\Library\stm32f10x_exti.c              0x00000000   Number         0  stm32f10x_exti.o ABSOLUTE
    ..\Library\stm32f10x_flash.c             0x00000000   Number         0  stm32f10x_flash.o ABSOLUTE
    ..\Library\stm32f10x_fsmc.c              0x00000000   Number         0  stm32f10x_fsmc.o ABSOLUTE
    ..\Library\stm32f10x_gpio.c              0x00000000   Number         0  stm32f10x_gpio.o ABSOLUTE
    ..\Library\stm32f10x_i2c.c               0x00000000   Number         0  stm32f10x_i2c.o ABSOLUTE
    ..\Library\stm32f10x_iwdg.c              0x00000000   Number         0  stm32f10x_iwdg.o ABSOLUTE
    ..\Library\stm32f10x_pwr.c               0x00000000   Number         0  stm32f10x_pwr.o ABSOLUTE
    ..\Library\stm32f10x_rcc.c               0x00000000   Number         0  stm32f10x_rcc.o ABSOLUTE
    ..\Library\stm32f10x_rtc.c               0x00000000   Number         0  stm32f10x_rtc.o ABSOLUTE
    ..\Library\stm32f10x_sdio.c              0x00000000   Number         0  stm32f10x_sdio.o ABSOLUTE
    ..\Library\stm32f10x_spi.c               0x00000000   Number         0  stm32f10x_spi.o ABSOLUTE
    ..\Library\stm32f10x_tim.c               0x00000000   Number         0  stm32f10x_tim.o ABSOLUTE
    ..\Library\stm32f10x_usart.c             0x00000000   Number         0  stm32f10x_usart.o ABSOLUTE
    ..\Library\stm32f10x_wwdg.c              0x00000000   Number         0  stm32f10x_wwdg.o ABSOLUTE
    ..\Start\core_cm3.c                      0x00000000   Number         0  core_cm3.o ABSOLUTE
    ..\Start\startup_stm32f10x_hd.s          0x00000000   Number         0  startup_stm32f10x_hd.o ABSOLUTE
    ..\Start\system_stm32f10x.c              0x00000000   Number         0  system_stm32f10x.o ABSOLUTE
    ..\\Start\\core_cm3.c                    0x00000000   Number         0  core_cm3.o ABSOLUTE
    ..\\sys\\sys.c                           0x00000000   Number         0  sys.o ABSOLUTE
    ..\decadriver\deca_device.c              0x00000000   Number         0  deca_device.o ABSOLUTE
    ..\decadriver\deca_params_init.c         0x00000000   Number         0  deca_params_init.o ABSOLUTE
    ..\decaplatform\deca_mutex.c             0x00000000   Number         0  deca_mutex.o ABSOLUTE
    ..\decaplatform\deca_range_tables.c      0x00000000   Number         0  deca_range_tables.o ABSOLUTE
    ..\decaplatform\deca_sleep.c             0x00000000   Number         0  deca_sleep.o ABSOLUTE
    ..\decaplatform\deca_spi.c               0x00000000   Number         0  deca_spi.o ABSOLUTE
    ..\decaplatform\port.c                   0x00000000   Number         0  port.o ABSOLUTE
    ..\sys\UART.c                            0x00000000   Number         0  uart.o ABSOLUTE
    ..\sys\delay.c                           0x00000000   Number         0  delay.o ABSOLUTE
    ..\sys\sys.c                             0x00000000   Number         0  sys.o ABSOLUTE
    dc.s                                     0x00000000   Number         0  dc.o ABSOLUTE
    main.c                                   0x00000000   Number         0  main.o ABSOLUTE
    stm32f10x_it.c                           0x00000000   Number         0  stm32f10x_it.o ABSOLUTE
    RESET                                    0x08000000   Section      304  startup_stm32f10x_hd.o(RESET)
    !!!main                                  0x08000130   Section        8  __main.o(!!!main)
    !!!scatter                               0x08000138   Section       52  __scatter.o(!!!scatter)
    !!handler_copy                           0x0800016c   Section       26  __scatter_copy.o(!!handler_copy)
    !!handler_zi                             0x08000188   Section       28  __scatter_zi.o(!!handler_zi)
    .ARM.Collect$$libinit$$00000000          0x080001a4   Section        2  libinit.o(.ARM.Collect$$libinit$$00000000)
    .ARM.Collect$$libinit$$00000002          0x080001a6   Section        0  libinit2.o(.ARM.Collect$$libinit$$00000002)
    .ARM.Collect$$libinit$$00000004          0x080001a6   Section        0  libinit2.o(.ARM.Collect$$libinit$$00000004)
    .ARM.Collect$$libinit$$0000000A          0x080001a6   Section        0  libinit2.o(.ARM.Collect$$libinit$$0000000A)
    .ARM.Collect$$libinit$$0000000C          0x080001a6   Section        0  libinit2.o(.ARM.Collect$$libinit$$0000000C)
    .ARM.Collect$$libinit$$0000000E          0x080001a6   Section        0  libinit2.o(.ARM.Collect$$libinit$$0000000E)
    .ARM.Collect$$libinit$$00000011          0x080001a6   Section        0  libinit2.o(.ARM.Collect$$libinit$$00000011)
    .ARM.Collect$$libinit$$00000013          0x080001a6   Section        0  libinit2.o(.ARM.Collect$$libinit$$00000013)
    .ARM.Collect$$libinit$$00000015          0x080001a6   Section        0  libinit2.o(.ARM.Collect$$libinit$$00000015)
    .ARM.Collect$$libinit$$00000017          0x080001a6   Section        0  libinit2.o(.ARM.Collect$$libinit$$00000017)
    .ARM.Collect$$libinit$$00000019          0x080001a6   Section        0  libinit2.o(.ARM.Collect$$libinit$$00000019)
    .ARM.Collect$$libinit$$0000001B          0x080001a6   Section        0  libinit2.o(.ARM.Collect$$libinit$$0000001B)
    .ARM.Collect$$libinit$$0000001D          0x080001a6   Section        0  libinit2.o(.ARM.Collect$$libinit$$0000001D)
    .ARM.Collect$$libinit$$0000001F          0x080001a6   Section        0  libinit2.o(.ARM.Collect$$libinit$$0000001F)
    .ARM.Collect$$libinit$$00000021          0x080001a6   Section        0  libinit2.o(.ARM.Collect$$libinit$$00000021)
    .ARM.Collect$$libinit$$00000023          0x080001a6   Section        0  libinit2.o(.ARM.Collect$$libinit$$00000023)
    .ARM.Collect$$libinit$$00000025          0x080001a6   Section        0  libinit2.o(.ARM.Collect$$libinit$$00000025)
    .ARM.Collect$$libinit$$0000002C          0x080001a6   Section        0  libinit2.o(.ARM.Collect$$libinit$$0000002C)
    .ARM.Collect$$libinit$$0000002E          0x080001a6   Section        0  libinit2.o(.ARM.Collect$$libinit$$0000002E)
    .ARM.Collect$$libinit$$00000030          0x080001a6   Section        0  libinit2.o(.ARM.Collect$$libinit$$00000030)
    .ARM.Collect$$libinit$$00000032          0x080001a6   Section        0  libinit2.o(.ARM.Collect$$libinit$$00000032)
    .ARM.Collect$$libinit$$00000033          0x080001a6   Section        2  libinit2.o(.ARM.Collect$$libinit$$00000033)
    .ARM.Collect$$libshutdown$$00000000      0x080001a8   Section        2  libshutdown.o(.ARM.Collect$$libshutdown$$00000000)
    .ARM.Collect$$libshutdown$$00000002      0x080001aa   Section        0  libshutdown2.o(.ARM.Collect$$libshutdown$$00000002)
    .ARM.Collect$$libshutdown$$00000004      0x080001aa   Section        0  libshutdown2.o(.ARM.Collect$$libshutdown$$00000004)
    .ARM.Collect$$libshutdown$$00000006      0x080001aa   Section        0  libshutdown2.o(.ARM.Collect$$libshutdown$$00000006)
    .ARM.Collect$$libshutdown$$00000009      0x080001aa   Section        0  libshutdown2.o(.ARM.Collect$$libshutdown$$00000009)
    .ARM.Collect$$libshutdown$$0000000C      0x080001aa   Section        0  libshutdown2.o(.ARM.Collect$$libshutdown$$0000000C)
    .ARM.Collect$$libshutdown$$0000000E      0x080001aa   Section        0  libshutdown2.o(.ARM.Collect$$libshutdown$$0000000E)
    .ARM.Collect$$libshutdown$$00000011      0x080001aa   Section        0  libshutdown2.o(.ARM.Collect$$libshutdown$$00000011)
    .ARM.Collect$$libshutdown$$00000012      0x080001aa   Section        2  libshutdown2.o(.ARM.Collect$$libshutdown$$00000012)
    .ARM.Collect$$rtentry$$00000000          0x080001ac   Section        0  __rtentry.o(.ARM.Collect$$rtentry$$00000000)
    .ARM.Collect$$rtentry$$00000002          0x080001ac   Section        0  __rtentry2.o(.ARM.Collect$$rtentry$$00000002)
    .ARM.Collect$$rtentry$$00000004          0x080001ac   Section        6  __rtentry4.o(.ARM.Collect$$rtentry$$00000004)
    .ARM.Collect$$rtentry$$00000009          0x080001b2   Section        0  __rtentry2.o(.ARM.Collect$$rtentry$$00000009)
    .ARM.Collect$$rtentry$$0000000A          0x080001b2   Section        4  __rtentry2.o(.ARM.Collect$$rtentry$$0000000A)
    .ARM.Collect$$rtentry$$0000000C          0x080001b6   Section        0  __rtentry2.o(.ARM.Collect$$rtentry$$0000000C)
    .ARM.Collect$$rtentry$$0000000D          0x080001b6   Section        8  __rtentry2.o(.ARM.Collect$$rtentry$$0000000D)
    .ARM.Collect$$rtexit$$00000000           0x080001be   Section        2  rtexit.o(.ARM.Collect$$rtexit$$00000000)
    .ARM.Collect$$rtexit$$00000002           0x080001c0   Section        0  rtexit2.o(.ARM.Collect$$rtexit$$00000002)
    .ARM.Collect$$rtexit$$00000003           0x080001c0   Section        4  rtexit2.o(.ARM.Collect$$rtexit$$00000003)
    .ARM.Collect$$rtexit$$00000004           0x080001c4   Section        6  rtexit2.o(.ARM.Collect$$rtexit$$00000004)
    .text                                    0x080001cc   Section       64  startup_stm32f10x_hd.o(.text)
    .text                                    0x0800020c   Section        0  memcmp.o(.text)
    .text                                    0x08000264   Section        0  heapauxi.o(.text)
    .text                                    0x0800026a   Section       74  sys_stackheap_outer.o(.text)
    .text                                    0x080002b4   Section        0  exit.o(.text)
    .text                                    0x080002c8   Section        8  libspace.o(.text)
    .text                                    0x080002d0   Section        0  sys_exit.o(.text)
    .text                                    0x080002dc   Section        2  use_no_semi.o(.text)
    .text                                    0x080002de   Section        0  indicate_semi.o(.text)
    i.BusFault_Handler                       0x080002de   Section        0  stm32f10x_it.o(i.BusFault_Handler)
    i.DebugMon_Handler                       0x080002e0   Section        0  stm32f10x_it.o(i.DebugMon_Handler)
    i.EXTI_GetITEnStatus                     0x080002e4   Section        0  port.o(i.EXTI_GetITEnStatus)
    i.GPIO_Init                              0x080002f8   Section        0  stm32f10x_gpio.o(i.GPIO_Init)
    i.GPIO_ResetBits                         0x0800039a   Section        0  stm32f10x_gpio.o(i.GPIO_ResetBits)
    i.GPIO_SetBits                           0x0800039e   Section        0  stm32f10x_gpio.o(i.GPIO_SetBits)
    i.GPIO_WriteBit                          0x080003a2   Section        0  stm32f10x_gpio.o(i.GPIO_WriteBit)
    i.HardFault_Handler                      0x080003ac   Section        0  stm32f10x_it.o(i.HardFault_Handler)
    i.MemManage_Handler                      0x080003ae   Section        0  stm32f10x_it.o(i.MemManage_Handler)
    i.NMI_Handler                            0x080003b0   Section        0  stm32f10x_it.o(i.NMI_Handler)
    i.NVIC_Init                              0x080003b4   Section        0  misc.o(i.NVIC_Init)
    i.PendSV_Handler                         0x08000418   Section        0  stm32f10x_it.o(i.PendSV_Handler)
    i.RCC_APB1PeriphResetCmd                 0x0800041c   Section        0  stm32f10x_rcc.o(i.RCC_APB1PeriphResetCmd)
    i.RCC_APB2PeriphClockCmd                 0x08000434   Section        0  stm32f10x_rcc.o(i.RCC_APB2PeriphClockCmd)
    i.RCC_APB2PeriphResetCmd                 0x0800044c   Section        0  stm32f10x_rcc.o(i.RCC_APB2PeriphResetCmd)
    i.RCC_GetClocksFreq                      0x08000464   Section        0  stm32f10x_rcc.o(i.RCC_GetClocksFreq)
    i.SPI_ChangeRate                         0x08000504   Section        0  port.o(i.SPI_ChangeRate)
    i.SPI_Cmd                                0x08000518   Section        0  stm32f10x_spi.o(i.SPI_Cmd)
    i.SPI_Configuration                      0x0800052c   Section        0  port.o(i.SPI_Configuration)
    i.SPI_I2S_DeInit                         0x080005e8   Section        0  stm32f10x_spi.o(i.SPI_I2S_DeInit)
    i.SPI_I2S_GetFlagStatus                  0x0800063c   Section        0  stm32f10x_spi.o(i.SPI_I2S_GetFlagStatus)
    i.SPI_Init                               0x0800064a   Section        0  stm32f10x_spi.o(i.SPI_Init)
    i.SPI_SSOutputCmd                        0x08000682   Section        0  stm32f10x_spi.o(i.SPI_SSOutputCmd)
    i.SVC_Handler                            0x08000696   Section        0  stm32f10x_it.o(i.SVC_Handler)
    i.SetSysClockTo72                        0x08000698   Section        0  system_stm32f10x.o(i.SetSysClockTo72)
    SetSysClockTo72                          0x08000699   Thumb Code   160  system_stm32f10x.o(i.SetSysClockTo72)
    i.Sleep                                  0x08000740   Section        0  port.o(i.Sleep)
    i.SysTick_CLKSourceConfig                0x08000746   Section        0  misc.o(i.SysTick_CLKSourceConfig)
    i.SysTick_Handler                        0x0800075e   Section        0  stm32f10x_it.o(i.SysTick_Handler)
    i.SystemInit                             0x08000760   Section        0  system_stm32f10x.o(i.SystemInit)
    i.UART_Init                              0x080007b0   Section        0  uart.o(i.UART_Init)
    i.UART_SendData                          0x0800085c   Section        0  uart.o(i.UART_SendData)
    i.UART_SendStr                           0x0800087a   Section        0  uart.o(i.UART_SendStr)
    i.USART1_IRQHandler                      0x08000898   Section        0  uart.o(i.USART1_IRQHandler)
    i.USART_ClearITPendingBit                0x080008c4   Section        0  stm32f10x_usart.o(i.USART_ClearITPendingBit)
    i.USART_Cmd                              0x080008d0   Section        0  stm32f10x_usart.o(i.USART_Cmd)
    i.USART_GetFlagStatus                    0x080008e4   Section        0  stm32f10x_usart.o(i.USART_GetFlagStatus)
    i.USART_GetITStatus                      0x080008f2   Section        0  stm32f10x_usart.o(i.USART_GetITStatus)
    i.USART_ITConfig                         0x08000930   Section        0  stm32f10x_usart.o(i.USART_ITConfig)
    i.USART_Init                             0x08000960   Section        0  stm32f10x_usart.o(i.USART_Init)
    i.USART_ReceiveData                      0x08000a0c   Section        0  stm32f10x_usart.o(i.USART_ReceiveData)
    i.USART_SendData                         0x08000a14   Section        0  stm32f10x_usart.o(i.USART_SendData)
    i.UsageFault_Handler                     0x08000a1c   Section        0  stm32f10x_it.o(i.UsageFault_Handler)
    i._dwt_aonarrayupload                    0x08000a1e   Section        0  deca_device.o(i._dwt_aonarrayupload)
    i._dwt_configlde                         0x08000a38   Section        0  deca_device.o(i._dwt_configlde)
    i._dwt_disablesequencing                 0x08000a62   Section        0  deca_device.o(i._dwt_disablesequencing)
    i._dwt_enableclocks                      0x08000a78   Section        0  deca_device.o(i._dwt_enableclocks)
    i._dwt_loaducodefromrom                  0x08000b46   Section        0  deca_device.o(i._dwt_loaducodefromrom)
    i._dwt_otpread                           0x08000b6a   Section        0  deca_device.o(i._dwt_otpread)
    i.deca_sleep                             0x08000b96   Section        0  deca_sleep.o(i.deca_sleep)
    i.decamutexoff                           0x08000b9a   Section        0  deca_mutex.o(i.decamutexoff)
    i.decamutexon                            0x08000bac   Section        0  deca_mutex.o(i.decamutexon)
    i.delay_init                             0x08000bc8   Section        0  delay.o(i.delay_init)
    i.delay_ms                               0x08000c04   Section        0  delay.o(i.delay_ms)
    i.delay_us                               0x08000c38   Section        0  delay.o(i.delay_us)
    i.dwt_configure                          0x08000c6c   Section        0  deca_device.o(i.dwt_configure)
    i.dwt_initialise                         0x08000e84   Section        0  deca_device.o(i.dwt_initialise)
    i.dwt_read16bitoffsetreg                 0x08000ff0   Section        0  deca_device.o(i.dwt_read16bitoffsetreg)
    i.dwt_read32bitoffsetreg                 0x0800100e   Section        0  deca_device.o(i.dwt_read32bitoffsetreg)
    i.dwt_read8bitoffsetreg                  0x08001030   Section        0  deca_device.o(i.dwt_read8bitoffsetreg)
    i.dwt_readdevid                          0x08001044   Section        0  deca_device.o(i.dwt_readdevid)
    i.dwt_readfromdevice                     0x0800104c   Section        0  deca_device.o(i.dwt_readfromdevice)
    i.dwt_readrxdata                         0x08001086   Section        0  deca_device.o(i.dwt_readrxdata)
    i.dwt_readrxtimestamp                    0x08001098   Section        0  deca_device.o(i.dwt_readrxtimestamp)
    i.dwt_readtxtimestamp                    0x080010a4   Section        0  deca_device.o(i.dwt_readtxtimestamp)
    i.dwt_rxreset                            0x080010b0   Section        0  deca_device.o(i.dwt_rxreset)
    i.dwt_setdelayedtrxtime                  0x080010ca   Section        0  deca_device.o(i.dwt_setdelayedtrxtime)
    i.dwt_setleds                            0x080010d4   Section        0  deca_device.o(i.dwt_setleds)
    i.dwt_setpreambledetecttimeout           0x08001148   Section        0  deca_device.o(i.dwt_setpreambledetecttimeout)
    i.dwt_setrxaftertxdelay                  0x08001152   Section        0  deca_device.o(i.dwt_setrxaftertxdelay)
    i.dwt_setrxantennadelay                  0x08001174   Section        0  deca_device.o(i.dwt_setrxantennadelay)
    i.dwt_setrxtimeout                       0x08001180   Section        0  deca_device.o(i.dwt_setrxtimeout)
    i.dwt_settxantennadelay                  0x080011c8   Section        0  deca_device.o(i.dwt_settxantennadelay)
    i.dwt_setxtaltrim                        0x080011d2   Section        0  deca_device.o(i.dwt_setxtaltrim)
    i.dwt_softreset                          0x080011e4   Section        0  deca_device.o(i.dwt_softreset)
    i.dwt_starttx                            0x0800122c   Section        0  deca_device.o(i.dwt_starttx)
    i.dwt_write16bitoffsetreg                0x08001284   Section        0  deca_device.o(i.dwt_write16bitoffsetreg)
    i.dwt_write32bitoffsetreg                0x0800129e   Section        0  deca_device.o(i.dwt_write32bitoffsetreg)
    i.dwt_write8bitoffsetreg                 0x080012bc   Section        0  deca_device.o(i.dwt_write8bitoffsetreg)
    i.dwt_writetodevice                      0x080012cc   Section        0  deca_device.o(i.dwt_writetodevice)
    i.dwt_writetxdata                        0x0800130a   Section        0  deca_device.o(i.dwt_writetxdata)
    i.dwt_writetxfctrl                       0x0800132c   Section        0  deca_device.o(i.dwt_writetxfctrl)
    i.final_msg_set_ts                       0x08001348   Section        0  main.o(i.final_msg_set_ts)
    final_msg_set_ts                         0x08001349   Thumb Code    22  main.o(i.final_msg_set_ts)
    i.main                                   0x08001360   Section        0  main.o(i.main)
    i.peripherals_init                       0x080015bc   Section        0  port.o(i.peripherals_init)
    i.port_set_dw1000_fastrate               0x080015c6   Section        0  port.o(i.port_set_dw1000_fastrate)
    i.port_set_dw1000_slowrate               0x080015cc   Section        0  port.o(i.port_set_dw1000_slowrate)
    i.readfromspi                            0x080015d4   Section        0  deca_spi.o(i.readfromspi)
    i.reset_DW1000                           0x08001650   Section        0  port.o(i.reset_DW1000)
    i.writetospi                             0x080016a4   Section        0  deca_spi.o(i.writetospi)
    .constdata                               0x08001708   Section        8  deca_params_init.o(.constdata)
    .constdata                               0x08001710   Section       24  deca_params_init.o(.constdata)
    .constdata                               0x08001728   Section       24  deca_params_init.o(.constdata)
    .constdata                               0x08001740   Section        6  deca_params_init.o(.constdata)
    .constdata                               0x08001746   Section        2  deca_params_init.o(.constdata)
    .constdata                               0x08001748   Section        8  deca_params_init.o(.constdata)
    .constdata                               0x08001750   Section        3  deca_params_init.o(.constdata)
    .constdata                               0x08001754   Section       12  deca_params_init.o(.constdata)
    .constdata                               0x08001760   Section        4  deca_params_init.o(.constdata)
    .constdata                               0x08001764   Section       32  deca_params_init.o(.constdata)
    .constdata                               0x08001784   Section       50  deca_params_init.o(.constdata)
    .data                                    0x20000000   Section       20  stm32f10x_rcc.o(.data)
    ADCPrescTable                            0x20000000   Data           4  stm32f10x_rcc.o(.data)
    APBAHBPrescTable                         0x20000004   Data          16  stm32f10x_rcc.o(.data)
    .data                                    0x20000014   Section       20  system_stm32f10x.o(.data)
    .data                                    0x20000028   Section        4  delay.o(.data)
    fac_us                                   0x20000028   Data           1  delay.o(.data)
    fac_ms                                   0x2000002a   Data           2  delay.o(.data)
    .data                                    0x2000002c   Section        4  deca_device.o(.data)
    pdw1000local                             0x2000002c   Data           4  deca_device.o(.data)
    .data                                    0x20000030   Section       95  main.o(.data)
    frame_seq_nb                             0x20000030   Data           1  main.o(.data)
    status_reg                               0x20000034   Data           4  main.o(.data)
    poll_tx_ts_A                             0x20000038   Data           8  main.o(.data)
    resp_rx_ts_A                             0x20000040   Data           8  main.o(.data)
    final_tx_ts_A                            0x20000048   Data           8  main.o(.data)
    config                                   0x20000050   Data          12  main.o(.data)
    tx_poll_msg                              0x2000005c   Data          12  main.o(.data)
    rx_resp_msg_fromA                        0x20000068   Data          15  main.o(.data)
    tx_final_msg_toA                         0x20000077   Data          24  main.o(.data)
    .bss                                     0x20000090   Section       56  deca_device.o(.bss)
    dw1000local                              0x20000090   Data          56  deca_device.o(.bss)
    .bss                                     0x200000c8   Section       24  main.o(.bss)
    rx_buffer                                0x200000c8   Data          24  main.o(.bss)
    .bss                                     0x200000e0   Section       96  libspace.o(.bss)
    HEAP                                     0x20000140   Section      512  startup_stm32f10x_hd.o(HEAP)
    Heap_Mem                                 0x20000140   Data         512  startup_stm32f10x_hd.o(HEAP)
    STACK                                    0x20000340   Section     1024  startup_stm32f10x_hd.o(STACK)
    Stack_Mem                                0x20000340   Data        1024  startup_stm32f10x_hd.o(STACK)
    __initial_sp                             0x20000740   Data           0  startup_stm32f10x_hd.o(STACK)

    Global Symbols

    Symbol Name                              Value     Ov Type        Size  Object(Section)

    BuildAttributes$$THM_ISAv4$P$D$K$B$S$PE$A:L22UL41UL21$X:L11$S22US41US21$IEEE1$IW$USESV6$~STKCKD$USESV7$~SHL$OSPACE$ROPI$EBA8$UX$STANDARDLIB$REQ8$PRES8$EABIv2 0x00000000   Number         0  anon$$obj.o ABSOLUTE
    __ARM_use_no_argv                        0x00000000   Number         0  main.o ABSOLUTE
    __ARM_exceptions_init                     - Undefined Weak Reference
    __alloca_initialize                       - Undefined Weak Reference
    __arm_fini_                               - Undefined Weak Reference
    __arm_preinit_                            - Undefined Weak Reference
    __cpp_initialize__aeabi_                  - Undefined Weak Reference
    __cxa_finalize                            - Undefined Weak Reference
    __rt_locale                               - Undefined Weak Reference
    __sigvec_lookup                           - Undefined Weak Reference
    _atexit_init                              - Undefined Weak Reference
    _call_atexit_fns                          - Undefined Weak Reference
    _clock_init                               - Undefined Weak Reference
    _fp_trap_init                             - Undefined Weak Reference
    _fp_trap_shutdown                         - Undefined Weak Reference
    _get_lc_collate                           - Undefined Weak Reference
    _get_lc_ctype                             - Undefined Weak Reference
    _get_lc_monetary                          - Undefined Weak Reference
    _get_lc_numeric                           - Undefined Weak Reference
    _get_lc_time                              - Undefined Weak Reference
    _getenv_init                              - Undefined Weak Reference
    _handle_redirection                       - Undefined Weak Reference
    _init_alloc                               - Undefined Weak Reference
    _init_user_alloc                          - Undefined Weak Reference
    _initio                                   - Undefined Weak Reference
    _rand_init                                - Undefined Weak Reference
    _signal_finish                            - Undefined Weak Reference
    _signal_init                              - Undefined Weak Reference
    _terminate_alloc                          - Undefined Weak Reference
    _terminate_user_alloc                     - Undefined Weak Reference
    _terminateio                              - Undefined Weak Reference
    __Vectors_Size                           0x00000130   Number         0  startup_stm32f10x_hd.o ABSOLUTE
    __Vectors                                0x08000000   Data           4  startup_stm32f10x_hd.o(RESET)
    __Vectors_End                            0x08000130   Data           0  startup_stm32f10x_hd.o(RESET)
    __main                                   0x08000131   Thumb Code     8  __main.o(!!!main)
    __scatterload                            0x08000139   Thumb Code     0  __scatter.o(!!!scatter)
    __scatterload_rt2                        0x08000139   Thumb Code    44  __scatter.o(!!!scatter)
    __scatterload_rt2_thumb_only             0x08000139   Thumb Code     0  __scatter.o(!!!scatter)
    __scatterload_null                       0x08000147   Thumb Code     0  __scatter.o(!!!scatter)
    __scatterload_copy                       0x0800016d   Thumb Code    26  __scatter_copy.o(!!handler_copy)
    __scatterload_zeroinit                   0x08000189   Thumb Code    28  __scatter_zi.o(!!handler_zi)
    __rt_lib_init                            0x080001a5   Thumb Code     0  libinit.o(.ARM.Collect$$libinit$$00000000)
    __rt_lib_init_alloca_1                   0x080001a7   Thumb Code     0  libinit2.o(.ARM.Collect$$libinit$$0000002E)
    __rt_lib_init_argv_1                     0x080001a7   Thumb Code     0  libinit2.o(.ARM.Collect$$libinit$$0000002C)
    __rt_lib_init_atexit_1                   0x080001a7   Thumb Code     0  libinit2.o(.ARM.Collect$$libinit$$0000001B)
    __rt_lib_init_clock_1                    0x080001a7   Thumb Code     0  libinit2.o(.ARM.Collect$$libinit$$00000021)
    __rt_lib_init_cpp_1                      0x080001a7   Thumb Code     0  libinit2.o(.ARM.Collect$$libinit$$00000032)
    __rt_lib_init_exceptions_1               0x080001a7   Thumb Code     0  libinit2.o(.ARM.Collect$$libinit$$00000030)
    __rt_lib_init_fp_1                       0x080001a7   Thumb Code     0  libinit2.o(.ARM.Collect$$libinit$$00000002)
    __rt_lib_init_fp_trap_1                  0x080001a7   Thumb Code     0  libinit2.o(.ARM.Collect$$libinit$$0000001F)
    __rt_lib_init_getenv_1                   0x080001a7   Thumb Code     0  libinit2.o(.ARM.Collect$$libinit$$00000023)
    __rt_lib_init_heap_1                     0x080001a7   Thumb Code     0  libinit2.o(.ARM.Collect$$libinit$$0000000A)
    __rt_lib_init_lc_collate_1               0x080001a7   Thumb Code     0  libinit2.o(.ARM.Collect$$libinit$$00000011)
    __rt_lib_init_lc_ctype_1                 0x080001a7   Thumb Code     0  libinit2.o(.ARM.Collect$$libinit$$00000013)
    __rt_lib_init_lc_monetary_1              0x080001a7   Thumb Code     0  libinit2.o(.ARM.Collect$$libinit$$00000015)
    __rt_lib_init_lc_numeric_1               0x080001a7   Thumb Code     0  libinit2.o(.ARM.Collect$$libinit$$00000017)
    __rt_lib_init_lc_time_1                  0x080001a7   Thumb Code     0  libinit2.o(.ARM.Collect$$libinit$$00000019)
    __rt_lib_init_preinit_1                  0x080001a7   Thumb Code     0  libinit2.o(.ARM.Collect$$libinit$$00000004)
    __rt_lib_init_rand_1                     0x080001a7   Thumb Code     0  libinit2.o(.ARM.Collect$$libinit$$0000000E)
    __rt_lib_init_return                     0x080001a7   Thumb Code     0  libinit2.o(.ARM.Collect$$libinit$$00000033)
    __rt_lib_init_signal_1                   0x080001a7   Thumb Code     0  libinit2.o(.ARM.Collect$$libinit$$0000001D)
    __rt_lib_init_stdio_1                    0x080001a7   Thumb Code     0  libinit2.o(.ARM.Collect$$libinit$$00000025)
    __rt_lib_init_user_alloc_1               0x080001a7   Thumb Code     0  libinit2.o(.ARM.Collect$$libinit$$0000000C)
    __rt_lib_shutdown                        0x080001a9   Thumb Code     0  libshutdown.o(.ARM.Collect$$libshutdown$$00000000)
    __rt_lib_shutdown_cpp_1                  0x080001ab   Thumb Code     0  libshutdown2.o(.ARM.Collect$$libshutdown$$00000004)
    __rt_lib_shutdown_fini_1                 0x080001ab   Thumb Code     0  libshutdown2.o(.ARM.Collect$$libshutdown$$00000002)
    __rt_lib_shutdown_fp_trap_1              0x080001ab   Thumb Code     0  libshutdown2.o(.ARM.Collect$$libshutdown$$00000009)
    __rt_lib_shutdown_heap_1                 0x080001ab   Thumb Code     0  libshutdown2.o(.ARM.Collect$$libshutdown$$00000011)
    __rt_lib_shutdown_return                 0x080001ab   Thumb Code     0  libshutdown2.o(.ARM.Collect$$libshutdown$$00000012)
    __rt_lib_shutdown_signal_1               0x080001ab   Thumb Code     0  libshutdown2.o(.ARM.Collect$$libshutdown$$0000000C)
    __rt_lib_shutdown_stdio_1                0x080001ab   Thumb Code     0  libshutdown2.o(.ARM.Collect$$libshutdown$$00000006)
    __rt_lib_shutdown_user_alloc_1           0x080001ab   Thumb Code     0  libshutdown2.o(.ARM.Collect$$libshutdown$$0000000E)
    __rt_entry                               0x080001ad   Thumb Code     0  __rtentry.o(.ARM.Collect$$rtentry$$00000000)
    __rt_entry_presh_1                       0x080001ad   Thumb Code     0  __rtentry2.o(.ARM.Collect$$rtentry$$00000002)
    __rt_entry_sh                            0x080001ad   Thumb Code     0  __rtentry4.o(.ARM.Collect$$rtentry$$00000004)
    __rt_entry_li                            0x080001b3   Thumb Code     0  __rtentry2.o(.ARM.Collect$$rtentry$$0000000A)
    __rt_entry_postsh_1                      0x080001b3   Thumb Code     0  __rtentry2.o(.ARM.Collect$$rtentry$$00000009)
    __rt_entry_main                          0x080001b7   Thumb Code     0  __rtentry2.o(.ARM.Collect$$rtentry$$0000000D)
    __rt_entry_postli_1                      0x080001b7   Thumb Code     0  __rtentry2.o(.ARM.Collect$$rtentry$$0000000C)
    __rt_exit                                0x080001bf   Thumb Code     0  rtexit.o(.ARM.Collect$$rtexit$$00000000)
    __rt_exit_ls                             0x080001c1   Thumb Code     0  rtexit2.o(.ARM.Collect$$rtexit$$00000003)
    __rt_exit_prels_1                        0x080001c1   Thumb Code     0  rtexit2.o(.ARM.Collect$$rtexit$$00000002)
    __rt_exit_exit                           0x080001c5   Thumb Code     0  rtexit2.o(.ARM.Collect$$rtexit$$00000004)
    Reset_Handler                            0x080001cd   Thumb Code     8  startup_stm32f10x_hd.o(.text)
    ADC1_2_IRQHandler                        0x080001e7   Thumb Code     0  startup_stm32f10x_hd.o(.text)
    ADC3_IRQHandler                          0x080001e7   Thumb Code     0  startup_stm32f10x_hd.o(.text)
    CAN1_RX1_IRQHandler                      0x080001e7   Thumb Code     0  startup_stm32f10x_hd.o(.text)
    CAN1_SCE_IRQHandler                      0x080001e7   Thumb Code     0  startup_stm32f10x_hd.o(.text)
    DMA1_Channel1_IRQHandler                 0x080001e7   Thumb Code     0  startup_stm32f10x_hd.o(.text)
    DMA1_Channel2_IRQHandler                 0x080001e7   Thumb Code     0  startup_stm32f10x_hd.o(.text)
    DMA1_Channel3_IRQHandler                 0x080001e7   Thumb Code     0  startup_stm32f10x_hd.o(.text)
    DMA1_Channel4_IRQHandler                 0x080001e7   Thumb Code     0  startup_stm32f10x_hd.o(.text)
    DMA1_Channel5_IRQHandler                 0x080001e7   Thumb Code     0  startup_stm32f10x_hd.o(.text)
    DMA1_Channel6_IRQHandler                 0x080001e7   Thumb Code     0  startup_stm32f10x_hd.o(.text)
    DMA1_Channel7_IRQHandler                 0x080001e7   Thumb Code     0  startup_stm32f10x_hd.o(.text)
    DMA2_Channel1_IRQHandler                 0x080001e7   Thumb Code     0  startup_stm32f10x_hd.o(.text)
    DMA2_Channel2_IRQHandler                 0x080001e7   Thumb Code     0  startup_stm32f10x_hd.o(.text)
    DMA2_Channel3_IRQHandler                 0x080001e7   Thumb Code     0  startup_stm32f10x_hd.o(.text)
    DMA2_Channel4_5_IRQHandler               0x080001e7   Thumb Code     0  startup_stm32f10x_hd.o(.text)
    EXTI0_IRQHandler                         0x080001e7   Thumb Code     0  startup_stm32f10x_hd.o(.text)
    EXTI15_10_IRQHandler                     0x080001e7   Thumb Code     0  startup_stm32f10x_hd.o(.text)
    EXTI1_IRQHandler                         0x080001e7   Thumb Code     0  startup_stm32f10x_hd.o(.text)
    EXTI2_IRQHandler                         0x080001e7   Thumb Code     0  startup_stm32f10x_hd.o(.text)
    EXTI3_IRQHandler                         0x080001e7   Thumb Code     0  startup_stm32f10x_hd.o(.text)
    EXTI4_IRQHandler                         0x080001e7   Thumb Code     0  startup_stm32f10x_hd.o(.text)
    EXTI9_5_IRQHandler                       0x080001e7   Thumb Code     0  startup_stm32f10x_hd.o(.text)
    FLASH_IRQHandler                         0x080001e7   Thumb Code     0  startup_stm32f10x_hd.o(.text)
    FSMC_IRQHandler                          0x080001e7   Thumb Code     0  startup_stm32f10x_hd.o(.text)
    I2C1_ER_IRQHandler                       0x080001e7   Thumb Code     0  startup_stm32f10x_hd.o(.text)
    I2C1_EV_IRQHandler                       0x080001e7   Thumb Code     0  startup_stm32f10x_hd.o(.text)
    I2C2_ER_IRQHandler                       0x080001e7   Thumb Code     0  startup_stm32f10x_hd.o(.text)
    I2C2_EV_IRQHandler                       0x080001e7   Thumb Code     0  startup_stm32f10x_hd.o(.text)
    PVD_IRQHandler                           0x080001e7   Thumb Code     0  startup_stm32f10x_hd.o(.text)
    RCC_IRQHandler                           0x080001e7   Thumb Code     0  startup_stm32f10x_hd.o(.text)
    RTCAlarm_IRQHandler                      0x080001e7   Thumb Code     0  startup_stm32f10x_hd.o(.text)
    RTC_IRQHandler                           0x080001e7   Thumb Code     0  startup_stm32f10x_hd.o(.text)
    SDIO_IRQHandler                          0x080001e7   Thumb Code     0  startup_stm32f10x_hd.o(.text)
    SPI1_IRQHandler                          0x080001e7   Thumb Code     0  startup_stm32f10x_hd.o(.text)
    SPI2_IRQHandler                          0x080001e7   Thumb Code     0  startup_stm32f10x_hd.o(.text)
    SPI3_IRQHandler                          0x080001e7   Thumb Code     0  startup_stm32f10x_hd.o(.text)
    TAMPER_IRQHandler                        0x080001e7   Thumb Code     0  startup_stm32f10x_hd.o(.text)
    TIM1_BRK_IRQHandler                      0x080001e7   Thumb Code     0  startup_stm32f10x_hd.o(.text)
    TIM1_CC_IRQHandler                       0x080001e7   Thumb Code     0  startup_stm32f10x_hd.o(.text)
    TIM1_TRG_COM_IRQHandler                  0x080001e7   Thumb Code     0  startup_stm32f10x_hd.o(.text)
    TIM1_UP_IRQHandler                       0x080001e7   Thumb Code     0  startup_stm32f10x_hd.o(.text)
    TIM2_IRQHandler                          0x080001e7   Thumb Code     0  startup_stm32f10x_hd.o(.text)
    TIM3_IRQHandler                          0x080001e7   Thumb Code     0  startup_stm32f10x_hd.o(.text)
    TIM4_IRQHandler                          0x080001e7   Thumb Code     0  startup_stm32f10x_hd.o(.text)
    TIM5_IRQHandler                          0x080001e7   Thumb Code     0  startup_stm32f10x_hd.o(.text)
    TIM6_IRQHandler                          0x080001e7   Thumb Code     0  startup_stm32f10x_hd.o(.text)
    TIM7_IRQHandler                          0x080001e7   Thumb Code     0  startup_stm32f10x_hd.o(.text)
    TIM8_BRK_IRQHandler                      0x080001e7   Thumb Code     0  startup_stm32f10x_hd.o(.text)
    TIM8_CC_IRQHandler                       0x080001e7   Thumb Code     0  startup_stm32f10x_hd.o(.text)
    TIM8_TRG_COM_IRQHandler                  0x080001e7   Thumb Code     0  startup_stm32f10x_hd.o(.text)
    TIM8_UP_IRQHandler                       0x080001e7   Thumb Code     0  startup_stm32f10x_hd.o(.text)
    UART4_IRQHandler                         0x080001e7   Thumb Code     0  startup_stm32f10x_hd.o(.text)
    UART5_IRQHandler                         0x080001e7   Thumb Code     0  startup_stm32f10x_hd.o(.text)
    USART2_IRQHandler                        0x080001e7   Thumb Code     0  startup_stm32f10x_hd.o(.text)
    USART3_IRQHandler                        0x080001e7   Thumb Code     0  startup_stm32f10x_hd.o(.text)
    USBWakeUp_IRQHandler                     0x080001e7   Thumb Code     0  startup_stm32f10x_hd.o(.text)
    USB_HP_CAN1_TX_IRQHandler                0x080001e7   Thumb Code     0  startup_stm32f10x_hd.o(.text)
    USB_LP_CAN1_RX0_IRQHandler               0x080001e7   Thumb Code     0  startup_stm32f10x_hd.o(.text)
    WWDG_IRQHandler                          0x080001e7   Thumb Code     0  startup_stm32f10x_hd.o(.text)
    __user_initial_stackheap                 0x080001e9   Thumb Code     0  startup_stm32f10x_hd.o(.text)
    memcmp                                   0x0800020d   Thumb Code    88  memcmp.o(.text)
    __use_two_region_memory                  0x08000265   Thumb Code     2  heapauxi.o(.text)
    __rt_heap_escrow$2region                 0x08000267   Thumb Code     2  heapauxi.o(.text)
    __rt_heap_expand$2region                 0x08000269   Thumb Code     2  heapauxi.o(.text)
    __user_setup_stackheap                   0x0800026b   Thumb Code    74  sys_stackheap_outer.o(.text)
    exit                                     0x080002b5   Thumb Code    18  exit.o(.text)
    __user_libspace                          0x080002c9   Thumb Code     8  libspace.o(.text)
    __user_perproc_libspace                  0x080002c9   Thumb Code     0  libspace.o(.text)
    __user_perthread_libspace                0x080002c9   Thumb Code     0  libspace.o(.text)
    _sys_exit                                0x080002d1   Thumb Code     8  sys_exit.o(.text)
    __I$use$semihosting                      0x080002dd   Thumb Code     0  use_no_semi.o(.text)
    __use_no_semihosting_swi                 0x080002dd   Thumb Code     2  use_no_semi.o(.text)
    BusFault_Handler                         0x080002df   Thumb Code     2  stm32f10x_it.o(i.BusFault_Handler)
    __semihosting_library_function           0x080002df   Thumb Code     0  indicate_semi.o(.text)
    DebugMon_Handler                         0x080002e1   Thumb Code     2  stm32f10x_it.o(i.DebugMon_Handler)
    EXTI_GetITEnStatus                       0x080002e5   Thumb Code    16  port.o(i.EXTI_GetITEnStatus)
    GPIO_Init                                0x080002f9   Thumb Code   162  stm32f10x_gpio.o(i.GPIO_Init)
    GPIO_ResetBits                           0x0800039b   Thumb Code     4  stm32f10x_gpio.o(i.GPIO_ResetBits)
    GPIO_SetBits                             0x0800039f   Thumb Code     4  stm32f10x_gpio.o(i.GPIO_SetBits)
    GPIO_WriteBit                            0x080003a3   Thumb Code    10  stm32f10x_gpio.o(i.GPIO_WriteBit)
    HardFault_Handler                        0x080003ad   Thumb Code     2  stm32f10x_it.o(i.HardFault_Handler)
    MemManage_Handler                        0x080003af   Thumb Code     2  stm32f10x_it.o(i.MemManage_Handler)
    NMI_Handler                              0x080003b1   Thumb Code     2  stm32f10x_it.o(i.NMI_Handler)
    NVIC_Init                                0x080003b5   Thumb Code    94  misc.o(i.NVIC_Init)
    PendSV_Handler                           0x08000419   Thumb Code     2  stm32f10x_it.o(i.PendSV_Handler)
    RCC_APB1PeriphResetCmd                   0x0800041d   Thumb Code    18  stm32f10x_rcc.o(i.RCC_APB1PeriphResetCmd)
    RCC_APB2PeriphClockCmd                   0x08000435   Thumb Code    18  stm32f10x_rcc.o(i.RCC_APB2PeriphClockCmd)
    RCC_APB2PeriphResetCmd                   0x0800044d   Thumb Code    18  stm32f10x_rcc.o(i.RCC_APB2PeriphResetCmd)
    RCC_GetClocksFreq                        0x08000465   Thumb Code   140  stm32f10x_rcc.o(i.RCC_GetClocksFreq)
    SPI_ChangeRate                           0x08000505   Thumb Code    14  port.o(i.SPI_ChangeRate)
    SPI_Cmd                                  0x08000519   Thumb Code    20  stm32f10x_spi.o(i.SPI_Cmd)
    SPI_Configuration                        0x0800052d   Thumb Code   178  port.o(i.SPI_Configuration)
    SPI_I2S_DeInit                           0x080005e9   Thumb Code    72  stm32f10x_spi.o(i.SPI_I2S_DeInit)
    SPI_I2S_GetFlagStatus                    0x0800063d   Thumb Code    14  stm32f10x_spi.o(i.SPI_I2S_GetFlagStatus)
    SPI_Init                                 0x0800064b   Thumb Code    56  stm32f10x_spi.o(i.SPI_Init)
    SPI_SSOutputCmd                          0x08000683   Thumb Code    20  stm32f10x_spi.o(i.SPI_SSOutputCmd)
    SVC_Handler                              0x08000697   Thumb Code     2  stm32f10x_it.o(i.SVC_Handler)
    Sleep                                    0x08000741   Thumb Code     6  port.o(i.Sleep)
    SysTick_CLKSourceConfig                  0x08000747   Thumb Code    24  misc.o(i.SysTick_CLKSourceConfig)
    SysTick_Handler                          0x0800075f   Thumb Code     2  stm32f10x_it.o(i.SysTick_Handler)
    SystemInit                               0x08000761   Thumb Code    64  system_stm32f10x.o(i.SystemInit)
    UART_Init                                0x080007b1   Thumb Code   164  uart.o(i.UART_Init)
    UART_SendData                            0x0800085d   Thumb Code    30  uart.o(i.UART_SendData)
    UART_SendStr                             0x0800087b   Thumb Code    30  uart.o(i.UART_SendStr)
    USART1_IRQHandler                        0x08000899   Thumb Code    40  uart.o(i.USART1_IRQHandler)
    USART_ClearITPendingBit                  0x080008c5   Thumb Code    12  stm32f10x_usart.o(i.USART_ClearITPendingBit)
    USART_Cmd                                0x080008d1   Thumb Code    20  stm32f10x_usart.o(i.USART_Cmd)
    USART_GetFlagStatus                      0x080008e5   Thumb Code    14  stm32f10x_usart.o(i.USART_GetFlagStatus)
    USART_GetITStatus                        0x080008f3   Thumb Code    62  stm32f10x_usart.o(i.USART_GetITStatus)
    USART_ITConfig                           0x08000931   Thumb Code    48  stm32f10x_usart.o(i.USART_ITConfig)
    USART_Init                               0x08000961   Thumb Code   166  stm32f10x_usart.o(i.USART_Init)
    USART_ReceiveData                        0x08000a0d   Thumb Code     8  stm32f10x_usart.o(i.USART_ReceiveData)
    USART_SendData                           0x08000a15   Thumb Code     8  stm32f10x_usart.o(i.USART_SendData)
    UsageFault_Handler                       0x08000a1d   Thumb Code     2  stm32f10x_it.o(i.UsageFault_Handler)
    _dwt_aonarrayupload                      0x08000a1f   Thumb Code    26  deca_device.o(i._dwt_aonarrayupload)
    _dwt_configlde                           0x08000a39   Thumb Code    42  deca_device.o(i._dwt_configlde)
    _dwt_disablesequencing                   0x08000a63   Thumb Code    22  deca_device.o(i._dwt_disablesequencing)
    _dwt_enableclocks                        0x08000a79   Thumb Code   206  deca_device.o(i._dwt_enableclocks)
    _dwt_loaducodefromrom                    0x08000b47   Thumb Code    36  deca_device.o(i._dwt_loaducodefromrom)
    _dwt_otpread                             0x08000b6b   Thumb Code    44  deca_device.o(i._dwt_otpread)
    deca_sleep                               0x08000b97   Thumb Code     4  deca_sleep.o(i.deca_sleep)
    decamutexoff                             0x08000b9b   Thumb Code    18  deca_mutex.o(i.decamutexoff)
    decamutexon                              0x08000bad   Thumb Code    26  deca_mutex.o(i.decamutexon)
    delay_init                               0x08000bc9   Thumb Code    46  delay.o(i.delay_init)
    delay_ms                                 0x08000c05   Thumb Code    46  delay.o(i.delay_ms)
    delay_us                                 0x08000c39   Thumb Code    46  delay.o(i.delay_us)
    dwt_configure                            0x08000c6d   Thumb Code   488  deca_device.o(i.dwt_configure)
    dwt_initialise                           0x08000e85   Thumb Code   354  deca_device.o(i.dwt_initialise)
    dwt_read16bitoffsetreg                   0x08000ff1   Thumb Code    30  deca_device.o(i.dwt_read16bitoffsetreg)
    dwt_read32bitoffsetreg                   0x0800100f   Thumb Code    34  deca_device.o(i.dwt_read32bitoffsetreg)
    dwt_read8bitoffsetreg                    0x08001031   Thumb Code    20  deca_device.o(i.dwt_read8bitoffsetreg)
    dwt_readdevid                            0x08001045   Thumb Code     8  deca_device.o(i.dwt_readdevid)
    dwt_readfromdevice                       0x0800104d   Thumb Code    58  deca_device.o(i.dwt_readfromdevice)
    dwt_readrxdata                           0x08001087   Thumb Code    18  deca_device.o(i.dwt_readrxdata)
    dwt_readrxtimestamp                      0x08001099   Thumb Code    12  deca_device.o(i.dwt_readrxtimestamp)
    dwt_readtxtimestamp                      0x080010a5   Thumb Code    12  deca_device.o(i.dwt_readtxtimestamp)
    dwt_rxreset                              0x080010b1   Thumb Code    26  deca_device.o(i.dwt_rxreset)
    dwt_setdelayedtrxtime                    0x080010cb   Thumb Code    10  deca_device.o(i.dwt_setdelayedtrxtime)
    dwt_setleds                              0x080010d5   Thumb Code   110  deca_device.o(i.dwt_setleds)
    dwt_setpreambledetecttimeout             0x08001149   Thumb Code    10  deca_device.o(i.dwt_setpreambledetecttimeout)
    dwt_setrxaftertxdelay                    0x08001153   Thumb Code    34  deca_device.o(i.dwt_setrxaftertxdelay)
    dwt_setrxantennadelay                    0x08001175   Thumb Code    12  deca_device.o(i.dwt_setrxantennadelay)
    dwt_setrxtimeout                         0x08001181   Thumb Code    68  deca_device.o(i.dwt_setrxtimeout)
    dwt_settxantennadelay                    0x080011c9   Thumb Code    10  deca_device.o(i.dwt_settxantennadelay)
    dwt_setxtaltrim                          0x080011d3   Thumb Code    16  deca_device.o(i.dwt_setxtaltrim)
    dwt_softreset                            0x080011e5   Thumb Code    66  deca_device.o(i.dwt_softreset)
    dwt_starttx                              0x0800122d   Thumb Code    82  deca_device.o(i.dwt_starttx)
    dwt_write16bitoffsetreg                  0x08001285   Thumb Code    26  deca_device.o(i.dwt_write16bitoffsetreg)
    dwt_write32bitoffsetreg                  0x0800129f   Thumb Code    30  deca_device.o(i.dwt_write32bitoffsetreg)
    dwt_write8bitoffsetreg                   0x080012bd   Thumb Code    16  deca_device.o(i.dwt_write8bitoffsetreg)
    dwt_writetodevice                        0x080012cd   Thumb Code    62  deca_device.o(i.dwt_writetodevice)
    dwt_writetxdata                          0x0800130b   Thumb Code    34  deca_device.o(i.dwt_writetxdata)
    dwt_writetxfctrl                         0x0800132d   Thumb Code    24  deca_device.o(i.dwt_writetxfctrl)
    main                                     0x08001361   Thumb Code   542  main.o(i.main)
    peripherals_init                         0x080015bd   Thumb Code    10  port.o(i.peripherals_init)
    port_set_dw1000_fastrate                 0x080015c7   Thumb Code     6  port.o(i.port_set_dw1000_fastrate)
    port_set_dw1000_slowrate                 0x080015cd   Thumb Code     6  port.o(i.port_set_dw1000_slowrate)
    readfromspi                              0x080015d5   Thumb Code   114  deca_spi.o(i.readfromspi)
    reset_DW1000                             0x08001651   Thumb Code    78  port.o(i.reset_DW1000)
    writetospi                               0x080016a5   Thumb Code    90  deca_spi.o(i.writetospi)
    chan_idx                                 0x08001708   Data           8  deca_params_init.o(.constdata)
    tx_config                                0x08001710   Data          24  deca_params_init.o(.constdata)
    fs_pll_cfg                               0x08001728   Data          24  deca_params_init.o(.constdata)
    fs_pll_tune                              0x08001740   Data           6  deca_params_init.o(.constdata)
    rx_config                                0x08001746   Data           2  deca_params_init.o(.constdata)
    agc_config                               0x08001748   Data           8  deca_params_init.o(.constdata)
    dwnsSFDlen                               0x08001750   Data           3  deca_params_init.o(.constdata)
    sftsh                                    0x08001754   Data          12  deca_params_init.o(.constdata)
    dtune1                                   0x08001760   Data           4  deca_params_init.o(.constdata)
    digital_bb_config                        0x08001764   Data          32  deca_params_init.o(.constdata)
    lde_replicaCoeff                         0x08001784   Data          50  deca_params_init.o(.constdata)
    Region$$Table$$Base                      0x080017b8   Number         0  anon$$obj.o(Region$$Table)
    Region$$Table$$Limit                     0x080017d8   Number         0  anon$$obj.o(Region$$Table)
    SystemCoreClock                          0x20000014   Data           4  system_stm32f10x.o(.data)
    AHBPrescTable                            0x20000018   Data          16  system_stm32f10x.o(.data)
    __libspace_start                         0x200000e0   Data          96  libspace.o(.bss)
    __temporary_stack_top$libspace           0x20000140   Data           0  libspace.o(.bss)



==============================================================================

Memory Map of the image

  Image Entry point : 0x08000131

  Load Region LR_IROM1 (Base: 0x08000000, Size: 0x00001868, Max: 0x00010000, ABSOLUTE)

    Execution Region ER_IROM1 (Exec base: 0x08000000, Load base: 0x08000000, Size: 0x000017d8, Max: 0x00010000, ABSOLUTE)

    Exec Addr    Load Addr    Size         Type   Attr      Idx    E Section Name        Object

    0x08000000   0x08000000   0x00000130   Data   RO         3080    RESET               startup_stm32f10x_hd.o
    0x08000130   0x08000130   0x00000008   Code   RO         4117  * !!!main             c_w.l(__main.o)
    0x08000138   0x08000138   0x00000034   Code   RO         4325    !!!scatter          c_w.l(__scatter.o)
    0x0800016c   0x0800016c   0x0000001a   Code   RO         4327    !!handler_copy      c_w.l(__scatter_copy.o)
    0x08000186   0x08000186   0x00000002   PAD
    0x08000188   0x08000188   0x0000001c   Code   RO         4329    !!handler_zi        c_w.l(__scatter_zi.o)
    0x080001a4   0x080001a4   0x00000002   Code   RO         4191    .ARM.Collect$$libinit$$00000000  c_w.l(libinit.o)
    0x080001a6   0x080001a6   0x00000000   Code   RO         4200    .ARM.Collect$$libinit$$00000002  c_w.l(libinit2.o)
    0x080001a6   0x080001a6   0x00000000   Code   RO         4202    .ARM.Collect$$libinit$$00000004  c_w.l(libinit2.o)
    0x080001a6   0x080001a6   0x00000000   Code   RO         4205    .ARM.Collect$$libinit$$0000000A  c_w.l(libinit2.o)
    0x080001a6   0x080001a6   0x00000000   Code   RO         4207    .ARM.Collect$$libinit$$0000000C  c_w.l(libinit2.o)
    0x080001a6   0x080001a6   0x00000000   Code   RO         4209    .ARM.Collect$$libinit$$0000000E  c_w.l(libinit2.o)
    0x080001a6   0x080001a6   0x00000000   Code   RO         4212    .ARM.Collect$$libinit$$00000011  c_w.l(libinit2.o)
    0x080001a6   0x080001a6   0x00000000   Code   RO         4214    .ARM.Collect$$libinit$$00000013  c_w.l(libinit2.o)
    0x080001a6   0x080001a6   0x00000000   Code   RO         4216    .ARM.Collect$$libinit$$00000015  c_w.l(libinit2.o)
    0x080001a6   0x080001a6   0x00000000   Code   RO         4218    .ARM.Collect$$libinit$$00000017  c_w.l(libinit2.o)
    0x080001a6   0x080001a6   0x00000000   Code   RO         4220    .ARM.Collect$$libinit$$00000019  c_w.l(libinit2.o)
    0x080001a6   0x080001a6   0x00000000   Code   RO         4222    .ARM.Collect$$libinit$$0000001B  c_w.l(libinit2.o)
    0x080001a6   0x080001a6   0x00000000   Code   RO         4224    .ARM.Collect$$libinit$$0000001D  c_w.l(libinit2.o)
    0x080001a6   0x080001a6   0x00000000   Code   RO         4226    .ARM.Collect$$libinit$$0000001F  c_w.l(libinit2.o)
    0x080001a6   0x080001a6   0x00000000   Code   RO         4228    .ARM.Collect$$libinit$$00000021  c_w.l(libinit2.o)
    0x080001a6   0x080001a6   0x00000000   Code   RO         4230    .ARM.Collect$$libinit$$00000023  c_w.l(libinit2.o)
    0x080001a6   0x080001a6   0x00000000   Code   RO         4232    .ARM.Collect$$libinit$$00000025  c_w.l(libinit2.o)
    0x080001a6   0x080001a6   0x00000000   Code   RO         4236    .ARM.Collect$$libinit$$0000002C  c_w.l(libinit2.o)
    0x080001a6   0x080001a6   0x00000000   Code   RO         4238    .ARM.Collect$$libinit$$0000002E  c_w.l(libinit2.o)
    0x080001a6   0x080001a6   0x00000000   Code   RO         4240    .ARM.Collect$$libinit$$00000030  c_w.l(libinit2.o)
    0x080001a6   0x080001a6   0x00000000   Code   RO         4242    .ARM.Collect$$libinit$$00000032  c_w.l(libinit2.o)
    0x080001a6   0x080001a6   0x00000002   Code   RO         4243    .ARM.Collect$$libinit$$00000033  c_w.l(libinit2.o)
    0x080001a8   0x080001a8   0x00000002   Code   RO         4263    .ARM.Collect$$libshutdown$$00000000  c_w.l(libshutdown.o)
    0x080001aa   0x080001aa   0x00000000   Code   RO         4276    .ARM.Collect$$libshutdown$$00000002  c_w.l(libshutdown2.o)
    0x080001aa   0x080001aa   0x00000000   Code   RO         4278    .ARM.Collect$$libshutdown$$00000004  c_w.l(libshutdown2.o)
    0x080001aa   0x080001aa   0x00000000   Code   RO         4280    .ARM.Collect$$libshutdown$$00000006  c_w.l(libshutdown2.o)
    0x080001aa   0x080001aa   0x00000000   Code   RO         4283    .ARM.Collect$$libshutdown$$00000009  c_w.l(libshutdown2.o)
    0x080001aa   0x080001aa   0x00000000   Code   RO         4286    .ARM.Collect$$libshutdown$$0000000C  c_w.l(libshutdown2.o)
    0x080001aa   0x080001aa   0x00000000   Code   RO         4288    .ARM.Collect$$libshutdown$$0000000E  c_w.l(libshutdown2.o)
    0x080001aa   0x080001aa   0x00000000   Code   RO         4291    .ARM.Collect$$libshutdown$$00000011  c_w.l(libshutdown2.o)
    0x080001aa   0x080001aa   0x00000002   Code   RO         4292    .ARM.Collect$$libshutdown$$00000012  c_w.l(libshutdown2.o)
    0x080001ac   0x080001ac   0x00000000   Code   RO         4153    .ARM.Collect$$rtentry$$00000000  c_w.l(__rtentry.o)
    0x080001ac   0x080001ac   0x00000000   Code   RO         4166    .ARM.Collect$$rtentry$$00000002  c_w.l(__rtentry2.o)
    0x080001ac   0x080001ac   0x00000006   Code   RO         4178    .ARM.Collect$$rtentry$$00000004  c_w.l(__rtentry4.o)
    0x080001b2   0x080001b2   0x00000000   Code   RO         4168    .ARM.Collect$$rtentry$$00000009  c_w.l(__rtentry2.o)
    0x080001b2   0x080001b2   0x00000004   Code   RO         4169    .ARM.Collect$$rtentry$$0000000A  c_w.l(__rtentry2.o)
    0x080001b6   0x080001b6   0x00000000   Code   RO         4171    .ARM.Collect$$rtentry$$0000000C  c_w.l(__rtentry2.o)
    0x080001b6   0x080001b6   0x00000008   Code   RO         4172    .ARM.Collect$$rtentry$$0000000D  c_w.l(__rtentry2.o)
    0x080001be   0x080001be   0x00000002   Code   RO         4197    .ARM.Collect$$rtexit$$00000000  c_w.l(rtexit.o)
    0x080001c0   0x080001c0   0x00000000   Code   RO         4245    .ARM.Collect$$rtexit$$00000002  c_w.l(rtexit2.o)
    0x080001c0   0x080001c0   0x00000004   Code   RO         4246    .ARM.Collect$$rtexit$$00000003  c_w.l(rtexit2.o)
    0x080001c4   0x080001c4   0x00000006   Code   RO         4247    .ARM.Collect$$rtexit$$00000004  c_w.l(rtexit2.o)
    0x080001ca   0x080001ca   0x00000002   PAD
    0x080001cc   0x080001cc   0x00000040   Code   RO         3081    .text               startup_stm32f10x_hd.o
    0x0800020c   0x0800020c   0x00000058   Code   RO         4113    .text               c_w.l(memcmp.o)
    0x08000264   0x08000264   0x00000006   Code   RO         4115    .text               c_w.l(heapauxi.o)
    0x0800026a   0x0800026a   0x0000004a   Code   RO         4182    .text               c_w.l(sys_stackheap_outer.o)
    0x080002b4   0x080002b4   0x00000012   Code   RO         4184    .text               c_w.l(exit.o)
    0x080002c6   0x080002c6   0x00000002   PAD
    0x080002c8   0x080002c8   0x00000008   Code   RO         4194    .text               c_w.l(libspace.o)
    0x080002d0   0x080002d0   0x0000000c   Code   RO         4255    .text               c_w.l(sys_exit.o)
    0x080002dc   0x080002dc   0x00000002   Code   RO         4266    .text               c_w.l(use_no_semi.o)
    0x080002de   0x080002de   0x00000000   Code   RO         4268    .text               c_w.l(indicate_semi.o)
    0x080002de   0x080002de   0x00000002   Code   RO         4048    i.BusFault_Handler  stm32f10x_it.o
    0x080002e0   0x080002e0   0x00000002   Code   RO         4049    i.DebugMon_Handler  stm32f10x_it.o
    0x080002e2   0x080002e2   0x00000002   PAD
    0x080002e4   0x080002e4   0x00000014   Code   RO         3959    i.EXTI_GetITEnStatus  port.o
    0x080002f8   0x080002f8   0x000000a2   Code   RO         1238    i.GPIO_Init         stm32f10x_gpio.o
    0x0800039a   0x0800039a   0x00000004   Code   RO         1245    i.GPIO_ResetBits    stm32f10x_gpio.o
    0x0800039e   0x0800039e   0x00000004   Code   RO         1246    i.GPIO_SetBits      stm32f10x_gpio.o
    0x080003a2   0x080003a2   0x0000000a   Code   RO         1249    i.GPIO_WriteBit     stm32f10x_gpio.o
    0x080003ac   0x080003ac   0x00000002   Code   RO         4050    i.HardFault_Handler  stm32f10x_it.o
    0x080003ae   0x080003ae   0x00000002   Code   RO         4051    i.MemManage_Handler  stm32f10x_it.o
    0x080003b0   0x080003b0   0x00000002   Code   RO         4052    i.NMI_Handler       stm32f10x_it.o
    0x080003b2   0x080003b2   0x00000002   PAD
    0x080003b4   0x080003b4   0x00000064   Code   RO            1    i.NVIC_Init         misc.o
    0x08000418   0x08000418   0x00000002   Code   RO         4053    i.PendSV_Handler    stm32f10x_it.o
    0x0800041a   0x0800041a   0x00000002   PAD
    0x0800041c   0x0800041c   0x00000018   Code   RO         1655    i.RCC_APB1PeriphResetCmd  stm32f10x_rcc.o
    0x08000434   0x08000434   0x00000018   Code   RO         1656    i.RCC_APB2PeriphClockCmd  stm32f10x_rcc.o
    0x0800044c   0x0800044c   0x00000018   Code   RO         1657    i.RCC_APB2PeriphResetCmd  stm32f10x_rcc.o
    0x08000464   0x08000464   0x000000a0   Code   RO         1664    i.RCC_GetClocksFreq  stm32f10x_rcc.o
    0x08000504   0x08000504   0x00000014   Code   RO         3960    i.SPI_ChangeRate    port.o
    0x08000518   0x08000518   0x00000014   Code   RO         2132    i.SPI_Cmd           stm32f10x_spi.o
    0x0800052c   0x0800052c   0x000000bc   Code   RO         3961    i.SPI_Configuration  port.o
    0x080005e8   0x080005e8   0x00000054   Code   RO         2139    i.SPI_I2S_DeInit    stm32f10x_spi.o
    0x0800063c   0x0800063c   0x0000000e   Code   RO         2140    i.SPI_I2S_GetFlagStatus  stm32f10x_spi.o
    0x0800064a   0x0800064a   0x00000038   Code   RO         2145    i.SPI_Init          stm32f10x_spi.o
    0x08000682   0x08000682   0x00000014   Code   RO         2147    i.SPI_SSOutputCmd   stm32f10x_spi.o
    0x08000696   0x08000696   0x00000002   Code   RO         4054    i.SVC_Handler       stm32f10x_it.o
    0x08000698   0x08000698   0x000000a8   Code   RO         3049    i.SetSysClockTo72   system_stm32f10x.o
    0x08000740   0x08000740   0x00000006   Code   RO         3962    i.Sleep             port.o
    0x08000746   0x08000746   0x00000018   Code   RO            5    i.SysTick_CLKSourceConfig  misc.o
    0x0800075e   0x0800075e   0x00000002   Code   RO         4055    i.SysTick_Handler   stm32f10x_it.o
    0x08000760   0x08000760   0x00000050   Code   RO         3051    i.SystemInit        system_stm32f10x.o
    0x080007b0   0x080007b0   0x000000ac   Code   RO         3145    i.UART_Init         uart.o
    0x0800085c   0x0800085c   0x0000001e   Code   RO         3146    i.UART_SendData     uart.o
    0x0800087a   0x0800087a   0x0000001e   Code   RO         3147    i.UART_SendStr      uart.o
    0x08000898   0x08000898   0x0000002c   Code   RO         3148    i.USART1_IRQHandler  uart.o
    0x080008c4   0x080008c4   0x0000000c   Code   RO         2805    i.USART_ClearITPendingBit  stm32f10x_usart.o
    0x080008d0   0x080008d0   0x00000014   Code   RO         2808    i.USART_Cmd         stm32f10x_usart.o
    0x080008e4   0x080008e4   0x0000000e   Code   RO         2811    i.USART_GetFlagStatus  stm32f10x_usart.o
    0x080008f2   0x080008f2   0x0000003e   Code   RO         2812    i.USART_GetITStatus  stm32f10x_usart.o
    0x08000930   0x08000930   0x00000030   Code   RO         2814    i.USART_ITConfig    stm32f10x_usart.o
    0x08000960   0x08000960   0x000000ac   Code   RO         2815    i.USART_Init        stm32f10x_usart.o
    0x08000a0c   0x08000a0c   0x00000008   Code   RO         2822    i.USART_ReceiveData  stm32f10x_usart.o
    0x08000a14   0x08000a14   0x00000008   Code   RO         2825    i.USART_SendData    stm32f10x_usart.o
    0x08000a1c   0x08000a1c   0x00000002   Code   RO         4056    i.UsageFault_Handler  stm32f10x_it.o
    0x08000a1e   0x08000a1e   0x0000001a   Code   RO         3178    i._dwt_aonarrayupload  deca_device.o
    0x08000a38   0x08000a38   0x0000002a   Code   RO         3181    i._dwt_configlde    deca_device.o
    0x08000a62   0x08000a62   0x00000016   Code   RO         3182    i._dwt_disablesequencing  deca_device.o
    0x08000a78   0x08000a78   0x000000ce   Code   RO         3183    i._dwt_enableclocks  deca_device.o
    0x08000b46   0x08000b46   0x00000024   Code   RO         3184    i._dwt_loaducodefromrom  deca_device.o
    0x08000b6a   0x08000b6a   0x0000002c   Code   RO         3186    i._dwt_otpread      deca_device.o
    0x08000b96   0x08000b96   0x00000004   Code   RO         3905    i.deca_sleep        deca_sleep.o
    0x08000b9a   0x08000b9a   0x00000012   Code   RO         3852    i.decamutexoff      deca_mutex.o
    0x08000bac   0x08000bac   0x0000001a   Code   RO         3853    i.decamutexon       deca_mutex.o
    0x08000bc6   0x08000bc6   0x00000002   PAD
    0x08000bc8   0x08000bc8   0x0000003c   Code   RO         3116    i.delay_init        delay.o
    0x08000c04   0x08000c04   0x00000034   Code   RO         3117    i.delay_ms          delay.o
    0x08000c38   0x08000c38   0x00000034   Code   RO         3118    i.delay_us          delay.o
    0x08000c6c   0x08000c6c   0x00000218   Code   RO         3197    i.dwt_configure     deca_device.o
    0x08000e84   0x08000e84   0x0000016c   Code   RO         3219    i.dwt_initialise    deca_device.o
    0x08000ff0   0x08000ff0   0x0000001e   Code   RO         3226    i.dwt_read16bitoffsetreg  deca_device.o
    0x0800100e   0x0800100e   0x00000022   Code   RO         3227    i.dwt_read32bitoffsetreg  deca_device.o
    0x08001030   0x08001030   0x00000014   Code   RO         3228    i.dwt_read8bitoffsetreg  deca_device.o
    0x08001044   0x08001044   0x00000008   Code   RO         3231    i.dwt_readdevid     deca_device.o
    0x0800104c   0x0800104c   0x0000003a   Code   RO         3234    i.dwt_readfromdevice  deca_device.o
    0x08001086   0x08001086   0x00000012   Code   RO         3235    i.dwt_readrxdata    deca_device.o
    0x08001098   0x08001098   0x0000000c   Code   RO         3236    i.dwt_readrxtimestamp  deca_device.o
    0x080010a4   0x080010a4   0x0000000c   Code   RO         3242    i.dwt_readtxtimestamp  deca_device.o
    0x080010b0   0x080010b0   0x0000001a   Code   RO         3248    i.dwt_rxreset       deca_device.o
    0x080010ca   0x080010ca   0x0000000a   Code   RO         3252    i.dwt_setdelayedtrxtime  deca_device.o
    0x080010d4   0x080010d4   0x00000074   Code   RO         3258    i.dwt_setleds       deca_device.o
    0x08001148   0x08001148   0x0000000a   Code   RO         3263    i.dwt_setpreambledetecttimeout  deca_device.o
    0x08001152   0x08001152   0x00000022   Code   RO         3264    i.dwt_setrxaftertxdelay  deca_device.o
    0x08001174   0x08001174   0x0000000c   Code   RO         3265    i.dwt_setrxantennadelay  deca_device.o
    0x08001180   0x08001180   0x00000048   Code   RO         3266    i.dwt_setrxtimeout  deca_device.o
    0x080011c8   0x080011c8   0x0000000a   Code   RO         3270    i.dwt_settxantennadelay  deca_device.o
    0x080011d2   0x080011d2   0x00000010   Code   RO         3271    i.dwt_setxtaltrim   deca_device.o
    0x080011e2   0x080011e2   0x00000002   PAD
    0x080011e4   0x080011e4   0x00000048   Code   RO         3272    i.dwt_softreset     deca_device.o
    0x0800122c   0x0800122c   0x00000058   Code   RO         3274    i.dwt_starttx       deca_device.o
    0x08001284   0x08001284   0x0000001a   Code   RO         3276    i.dwt_write16bitoffsetreg  deca_device.o
    0x0800129e   0x0800129e   0x0000001e   Code   RO         3277    i.dwt_write32bitoffsetreg  deca_device.o
    0x080012bc   0x080012bc   0x00000010   Code   RO         3278    i.dwt_write8bitoffsetreg  deca_device.o
    0x080012cc   0x080012cc   0x0000003e   Code   RO         3279    i.dwt_writetodevice  deca_device.o
    0x0800130a   0x0800130a   0x00000022   Code   RO         3280    i.dwt_writetxdata   deca_device.o
    0x0800132c   0x0800132c   0x0000001c   Code   RO         3281    i.dwt_writetxfctrl  deca_device.o
    0x08001348   0x08001348   0x00000016   Code   RO         4028    i.final_msg_set_ts  main.o
    0x0800135e   0x0800135e   0x00000002   PAD
    0x08001360   0x08001360   0x0000025c   Code   RO         4029    i.main              main.o
    0x080015bc   0x080015bc   0x0000000a   Code   RO         3963    i.peripherals_init  port.o
    0x080015c6   0x080015c6   0x00000006   Code   RO         3964    i.port_set_dw1000_fastrate  port.o
    0x080015cc   0x080015cc   0x00000006   Code   RO         3965    i.port_set_dw1000_slowrate  port.o
    0x080015d2   0x080015d2   0x00000002   PAD
    0x080015d4   0x080015d4   0x0000007c   Code   RO         3922    i.readfromspi       deca_spi.o
    0x08001650   0x08001650   0x00000054   Code   RO         3967    i.reset_DW1000      port.o
    0x080016a4   0x080016a4   0x00000064   Code   RO         3923    i.writetospi        deca_spi.o
    0x08001708   0x08001708   0x00000008   Data   RO         3817    .constdata          deca_params_init.o
    0x08001710   0x08001710   0x00000018   Data   RO         3818    .constdata          deca_params_init.o
    0x08001728   0x08001728   0x00000018   Data   RO         3819    .constdata          deca_params_init.o
    0x08001740   0x08001740   0x00000006   Data   RO         3820    .constdata          deca_params_init.o
    0x08001746   0x08001746   0x00000002   Data   RO         3821    .constdata          deca_params_init.o
    0x08001748   0x08001748   0x00000008   Data   RO         3822    .constdata          deca_params_init.o
    0x08001750   0x08001750   0x00000003   Data   RO         3823    .constdata          deca_params_init.o
    0x08001753   0x08001753   0x00000001   PAD
    0x08001754   0x08001754   0x0000000c   Data   RO         3824    .constdata          deca_params_init.o
    0x08001760   0x08001760   0x00000004   Data   RO         3825    .constdata          deca_params_init.o
    0x08001764   0x08001764   0x00000020   Data   RO         3826    .constdata          deca_params_init.o
    0x08001784   0x08001784   0x00000032   Data   RO         3827    .constdata          deca_params_init.o
    0x080017b6   0x080017b6   0x00000002   PAD
    0x080017b8   0x080017b8   0x00000020   Data   RO         4323    Region$$Table       anon$$obj.o


    Execution Region RW_IRAM1 (Exec base: 0x20000000, Load base: 0x080017d8, Size: 0x00000740, Max: 0x00005000, ABSOLUTE)

    Exec Addr    Load Addr    Size         Type   Attr      Idx    E Section Name        Object

    0x20000000   0x080017d8   0x00000014   Data   RW         1684    .data               stm32f10x_rcc.o
    0x20000014   0x080017ec   0x00000014   Data   RW         3052    .data               system_stm32f10x.o
    0x20000028   0x08001800   0x00000004   Data   RW         3119    .data               delay.o
    0x2000002c   0x08001804   0x00000004   Data   RW         3283    .data               deca_device.o
    0x20000030   0x08001808   0x0000005f   Data   RW         4031    .data               main.o
    0x2000008f   0x08001867   0x00000001   PAD
    0x20000090        -       0x00000038   Zero   RW         3282    .bss                deca_device.o
    0x200000c8        -       0x00000018   Zero   RW         4030    .bss                main.o
    0x200000e0        -       0x00000060   Zero   RW         4195    .bss                c_w.l(libspace.o)
    0x20000140        -       0x00000200   Zero   RW         3079    HEAP                startup_stm32f10x_hd.o
    0x20000340        -       0x00000400   Zero   RW         3078    STACK               startup_stm32f10x_hd.o


==============================================================================

Image component sizes


      Code (inc. data)   RO Data    RW Data    ZI Data      Debug   Object Name

         0          0          0          0          0         32   core_cm3.o
      2130        100          0          4         56      25022   deca_device.o
        44          0          0          0          0      17228   deca_mutex.o
         0          0        173          0          0       6064   deca_params_init.o
         4          0          0          0          0        453   deca_sleep.o
       224         20          0          0          0       6275   deca_spi.o
       164         26          0          4          0       1527   delay.o
       626         62          0         95         24       3087   main.o
       124          6          0          0          0     239038   misc.o
       340         26          0          0          0       4419   port.o
        64         26        304          0       1536        776   startup_stm32f10x_hd.o
       180          0          0          0          0       3248   stm32f10x_gpio.o
        18          0          0          0          0       3426   stm32f10x_it.o
       232         38          0         20          0       4775   stm32f10x_rcc.o
       194         12          0          0          0       3664   stm32f10x_spi.o
       344          6          0          0          0       6319   stm32f10x_usart.o
       248         24          0         20          0       1713   system_stm32f10x.o
       276         12          0          0          0       2387   uart.o

    ----------------------------------------------------------------------
      5226        358        512        144       1616     329453   Object Totals
         0          0         32          0          0          0   (incl. Generated)
        14          0          3          1          0          0   (incl. Padding)

    ----------------------------------------------------------------------

      Code (inc. data)   RO Data    RW Data    ZI Data      Debug   Library Member Name

         8          0          0          0          0         68   __main.o
         0          0          0          0          0          0   __rtentry.o
        12          0          0          0          0          0   __rtentry2.o
         6          0          0          0          0          0   __rtentry4.o
        52          8          0          0          0          0   __scatter.o
        26          0          0          0          0          0   __scatter_copy.o
        28          0          0          0          0          0   __scatter_zi.o
        18          0          0          0          0         80   exit.o
         6          0          0          0          0        152   heapauxi.o
         0          0          0          0          0          0   indicate_semi.o
         2          0          0          0          0          0   libinit.o
         2          0          0          0          0          0   libinit2.o
         2          0          0          0          0          0   libshutdown.o
         2          0          0          0          0          0   libshutdown2.o
         8          4          0          0         96         68   libspace.o
        88          0          0          0          0         76   memcmp.o
         2          0          0          0          0          0   rtexit.o
        10          0          0          0          0          0   rtexit2.o
        12          4          0          0          0         68   sys_exit.o
        74          0          0          0          0         80   sys_stackheap_outer.o
         2          0          0          0          0         68   use_no_semi.o

    ----------------------------------------------------------------------
       366         16          0          0         96        660   Library Totals
         6          0          0          0          0          0   (incl. Padding)

    ----------------------------------------------------------------------

      Code (inc. data)   RO Data    RW Data    ZI Data      Debug   Library Name

       360         16          0          0         96        660   c_w.l

    ----------------------------------------------------------------------
       366         16          0          0         96        660   Library Totals

    ----------------------------------------------------------------------

==============================================================================


      Code (inc. data)   RO Data    RW Data    ZI Data      Debug   

      5592        374        512        144       1712     325585   Grand Totals
      5592        374        512        144       1712     325585   ELF Image Totals
      5592        374        512        144          0          0   ROM Totals

==============================================================================

    Total RO  Size (Code + RO Data)                 6104 (   5.96kB)
    Total RW  Size (RW Data + ZI Data)              1856 (   1.81kB)
    Total ROM Size (Code + RO Data + RW Data)       6248 (   6.10kB)

==============================================================================

